Archive member included because of file (symbol)

c:/psdk3v2/project/samples/sound_proj/include/ya2d/libya2d/lib\libya2d.a(ya2d.o)
                              main.o (ya2d_init)
c:/psdk3v2/project/samples/sound_proj/include/ya2d/libya2d/lib\libya2d.a(ya2d_controls.o)
                              main.o (ya2d_controlsRead)
c:/psdk3v2/project/samples/sound_proj/include/ya2d/libya2d/lib\libya2d.a(ya2d_screen.o)
                              main.o (ya2d_screenClear)
c:/psdk3v2/project/samples/sound_proj/include/ya2d/libya2d/lib\libya2d.a(msxfont.o)
                              c:/psdk3v2/project/samples/sound_proj/include/ya2d/libya2d/lib\libya2d.a(ya2d.o) (msxfont)
c:/psdk3v2/project/samples/sound_proj/include/ya2d/libya2d/lib\libya2d.a(valloc.o)
                              c:/psdk3v2/project/samples/sound_proj/include/ya2d/libya2d/lib\libya2d.a(ya2d.o) (init_valloc)
c:/PSDK3v2/ps3dev/portlibs/ppu/lib\libfont.a(libfont.o)
                              c:/psdk3v2/project/samples/sound_proj/include/ya2d/libya2d/lib\libya2d.a(ya2d.o) (ResetFont)
c:/PSDK3v2/ps3dev/portlibs/ppu/lib\libtiny3d.a(tiny3d.o)
                              c:/psdk3v2/project/samples/sound_proj/include/ya2d/libya2d/lib\libya2d.a(ya2d.o) (tiny3d_Exit)
c:/PSDK3v2/ps3dev/portlibs/ppu/lib\libtiny3d.a(vshader_text_normal.vcg.o)
                              c:/PSDK3v2/ps3dev/portlibs/ppu/lib\libtiny3d.a(tiny3d.o) (vshader_text_normal_bin)
c:/PSDK3v2/ps3dev/portlibs/ppu/lib\libtiny3d.a(commands.o)
                              c:/PSDK3v2/ps3dev/portlibs/ppu/lib\libtiny3d.a(tiny3d.o) (rsxtiny_MakeCmdSpace)
c:/PSDK3v2/ps3dev/portlibs/ppu/lib\libtiny3d.a(glue.o)
                              c:/PSDK3v2/ps3dev/portlibs/ppu/lib\libtiny3d.a(tiny3d.o) (rsxtiny_FlushBuffer)
c:/PSDK3v2/ps3dev/portlibs/ppu/lib\libtiny3d.a(matrix.o)
                              c:/PSDK3v2/ps3dev/portlibs/ppu/lib\libtiny3d.a(tiny3d.o) (MatrixVectorMultiply)
c:/PSDK3v2/ps3dev/portlibs/ppu/lib\libtiny3d.a(mm.o)
                              c:/PSDK3v2/ps3dev/portlibs/ppu/lib\libtiny3d.a(tiny3d.o) (rsxtiny_MemAlign)
c:/PSDK3v2/ps3dev/portlibs/ppu/lib\libtiny3d.a(realityVP.o)
                              c:/PSDK3v2/ps3dev/portlibs/ppu/lib\libtiny3d.a(commands.o) (rsxtiny_VertexProgramGetUCode)
c:/PSDK3v2/ps3dev/portlibs/ppu/lib\libtiny3d.a(rsxutil.o)
                              c:/PSDK3v2/ps3dev/portlibs/ppu/lib\libtiny3d.a(tiny3d.o) (waitFlip)
c:/PSDK3v2/ps3dev/portlibs/ppu/lib\libtiny3d.a(buffer.o)
                              c:/PSDK3v2/ps3dev/portlibs/ppu/lib\libtiny3d.a(commands.o) (tiny_rsxContextCallback)
c:/PSDK3v2/psl1ght/ppu/lib\libgcm_sys.a(sprx.o)
                              c:/PSDK3v2/ps3dev/portlibs/ppu/lib\libtiny3d.a(rsxutil.o) (gcmSetFlip)
c:/PSDK3v2/psl1ght/ppu/lib\libio.a(sprx.o)
                              c:/psdk3v2/project/samples/sound_proj/include/ya2d/libya2d/lib\libya2d.a(ya2d.o) (ioPadEnd)
c:/PSDK3v2/psl1ght/ppu/lib\libsysutil.a(sprx.o)
                              c:/PSDK3v2/ps3dev/portlibs/ppu/lib\libtiny3d.a(rsxutil.o) (videoConfigure)
c:/PSDK3v2/psl1ght/ppu/lib\libsysutil.a(sysutil_wrapper.o)
                              c:/PSDK3v2/ps3dev/portlibs/ppu/lib\libtiny3d.a(tiny3d.o) (sysUtilRegisterCallback)
c:/PSDK3v2/psl1ght/ppu/lib\librt.a(sbrk.o)
                              c:/psdk3v2/ps3dev/ppu/bin/../lib/gcc/powerpc64-ps3-elf/4.5.2/../../../../powerpc64-ps3-elf/lib/lv2-crt0.o (__librt_sbrk_r)
c:/PSDK3v2/psl1ght/ppu/lib\librt.a(exit.o)
                              c:/psdk3v2/ps3dev/ppu/bin/../lib/gcc/powerpc64-ps3-elf/4.5.2/../../../../powerpc64-ps3-elf/lib/lv2-crt0.o (__librt_exit)
c:/PSDK3v2/psl1ght/ppu/lib\librt.a(close.o)
                              c:/psdk3v2/ps3dev/ppu/bin/../lib/gcc/powerpc64-ps3-elf/4.5.2/../../../../powerpc64-ps3-elf/lib/lv2-crt0.o (__librt_close_r)
c:/PSDK3v2/psl1ght/ppu/lib\librt.a(lseek.o)
                              c:/psdk3v2/ps3dev/ppu/bin/../lib/gcc/powerpc64-ps3-elf/4.5.2/../../../../powerpc64-ps3-elf/lib/lv2-crt0.o (__librt_lseek_r)
c:/PSDK3v2/psl1ght/ppu/lib\librt.a(read.o)
                              c:/psdk3v2/ps3dev/ppu/bin/../lib/gcc/powerpc64-ps3-elf/4.5.2/../../../../powerpc64-ps3-elf/lib/lv2-crt0.o (__librt_read_r)
c:/PSDK3v2/psl1ght/ppu/lib\librt.a(open.o)
                              c:/psdk3v2/ps3dev/ppu/bin/../lib/gcc/powerpc64-ps3-elf/4.5.2/../../../../powerpc64-ps3-elf/lib/lv2-crt0.o (__librt_open_r)
c:/PSDK3v2/psl1ght/ppu/lib\librt.a(sleep.o)
                              c:/psdk3v2/ps3dev/ppu/bin/../lib/gcc/powerpc64-ps3-elf/4.5.2/../../../../powerpc64-ps3-elf/lib/lv2-crt0.o (__librt_usleep_r)
c:/PSDK3v2/psl1ght/ppu/lib\librt.a(write.o)
                              c:/psdk3v2/ps3dev/ppu/bin/../lib/gcc/powerpc64-ps3-elf/4.5.2/../../../../powerpc64-ps3-elf/lib/lv2-crt0.o (__librt_write_r)
c:/PSDK3v2/psl1ght/ppu/lib\librt.a(fstat.o)
[...]
Memory Configuration

Name             Origin             Length             Attributes
*default*        0x0000000000000000 0xffffffffffffffff

Linker script and memory map

                0x0000000000010000                PROVIDE (__executable_start, 0x10000)
                0x0000000000010200                . = (0x10000 + SIZEOF_HEADERS)

.interp
 *(.interp)

.hash
 *(.hash)

.dynsym
 *(.dynsym)

.dynstr
 *(.dynstr)

.gnu.version
 *(.gnu.version)

.gnu.version_d
 *(.gnu.version_d)

.gnu.version_r
 *(.gnu.version_r)

.rel.dyn
 *(.rel.init)
 *(.rel.text .rel.text.* .rel.gnu.linkonce.t.*)
 *(.rel.fini)
 *(.rel.rodata .rel.rodata.* .rel.gnu.linkonce.r.*)
 *(.rel.data.rel.ro*)
 *(.rel.data .rel.data.* .rel.gnu.linkonce.d.*)
 *(.rel.tdata .rel.tdata.* .rel.gnu.linkonce.td.*)
 *(.rel.tbss .rel.tbss.* .rel.gnu.linkonce.tb.*)
 *(.rel.ctors)
 *(.rel.dtors)
 *(.rel.got)
 *(.rel.sdata .rel.sdata.* .rel.gnu.linkonce.s.*)
 *(.rel.sbss .rel.sbss.* .rel.gnu.linkonce.sb.*)
 *(.rel.sdata2 .rel.sdata2.* .rel.gnu.linkonce.s2.*)
 *(.rel.sbss2 .rel.sbss2.* .rel.gnu.linkonce.sb2.*)
 *(.rel.bss .rel.bss.* .rel.gnu.linkonce.b.*)

.rela.dyn       0x0000000000010200        0x0
 *(.rela.init)
 *(.rela.text .rela.text.* .rela.gnu.linkonce.t.*)
 *(.rela.fini)
 *(.rela.rodata .rela.rodata.* .rela.gnu.linkonce.r.*)
 *(.rela.data .rela.data.* .rela.gnu.linkonce.d.*)
 *(.rela.tdata .rela.tdata.* .rela.gnu.linkonce.td.*)
 *(.rela.tbss .rela.tbss.* .rela.gnu.linkonce.tb.*)
 *(.rela.ctors)
 *(.rela.dtors)
 *(.rela.got)
 *(.rela.toc)
 .rela.toc      0x0000000000000000        0x0 linker stubs
 *(.rela.sdata .rela.sdata.* .rela.gnu.linkonce.s.*)
 *(.rela.sbss .rela.sbss.* .rela.gnu.linkonce.sb.*)
 *(.rela.sdata2 .rela.sdata2.* .rela.gnu.linkonce.s2.*)
 *(.rela.sbss2 .rela.sbss2.* .rela.gnu.linkonce.sb2.*)
 *(.rela.bss .rela.bss.* .rela.gnu.linkonce.b.*)
 .rela.iplt     0x0000000000000000        0x0 linker stubs
 .rela.sys_proc_prx_param
                0x0000000000000000        0x0 linker stubs
 .rela.opd      0x0000000000000000        0x0 linker stubs

.rel.plt
 *(.rel.plt)

.rela.plt
 *(.rela.plt)

.rela.tocbss
 *(.rela.tocbss)

.init           0x0000000000010200       0x2c
 *(.init)
 .init          0x0000000000010200        0xc c:/psdk3v2/ps3dev/ppu/bin/../lib/gcc/powerpc64-ps3-elf/4.5.2/../../../../powerpc64-ps3-elf/lib/lv2-crti.o
                0x0000000000010200                ._init
 .init          0x000000000001020c        0x8 c:/psdk3v2/ps3dev/ppu/bin/../lib/gcc/powerpc64-ps3-elf/4.5.2/crtbegin.o
 .init          0x0000000000010214        0x8 c:/psdk3v2/ps3dev/ppu/bin/../lib/gcc/powerpc64-ps3-elf/4.5.2/crtend.o
 .init          0x000000000001021c       0x10 c:/psdk3v2/ps3dev/ppu/bin/../lib/gcc/powerpc64-ps3-elf/4.5.2/../../../../powerpc64-ps3-elf/lib/lv2-crtn.o

.text           0x0000000000010230    0x21b24
 *(.text .stub .text.* .gnu.linkonce.t.*)
 .text          0x0000000000010230        0x0 c:/psdk3v2/ps3dev/ppu/bin/../lib/gcc/powerpc64-ps3-elf/4.5.2/../../../../powerpc64-ps3-elf/lib/lv2-crti.o
 .text          0x0000000000010230        0x0 c:/psdk3v2/ps3dev/ppu/bin/../lib/gcc/powerpc64-ps3-elf/4.5.2/crtbegin.o
 .text.__do_global_dtors_aux
                0x0000000000010230       0xc8 c:/psdk3v2/ps3dev/ppu/bin/../lib/gcc/powerpc64-ps3-elf/4.5.2/crtbegin.o
 .text.frame_dummy
                0x00000000000102f8       0x70 c:/psdk3v2/ps3dev/ppu/bin/../lib/gcc/powerpc64-ps3-elf/4.5.2/crtbegin.o
 .text          0x0000000000010368       0x58 c:/psdk3v2/ps3dev/ppu/bin/../lib/gcc/powerpc64-ps3-elf/4.5.2/../../../../powerpc64-ps3-elf/lib/lv2-crt0.o
                0x0000000000010368                ._start
 .text.__syscalls_init
                0x00000000000103c0      0x15c c:/psdk3v2/ps3dev/ppu/bin/../lib/gcc/powerpc64-ps3-elf/4.5.2/../../../../powerpc64-ps3-elf/lib/lv2-crt0.o
 *fill*         0x000000000001051c        0x4 60000000
 .text._initialize
                0x0000000000010520       0x40 c:/psdk3v2/ps3dev/ppu/bin/../lib/gcc/powerpc64-ps3-elf/4.5.2/../../../../powerpc64-ps3-elf/lib/lv2-crt0.o
                0x0000000000010520                ._initialize
 .text          0x0000000000010560        0x0 c:/psdk3v2/ps3dev/ppu/bin/../lib/gcc/powerpc64-ps3-elf/4.5.2/../../../../powerpc64-ps3-elf/lib/lv2-sprx.o
 .text          0x0000000000010560        0x0 main.o
 .text.main     0x0000000000010560      0x15c main.o
                0x0000000000010560                .main
 .text          0x00000000000106bc        0x0 msxfont.o
 .text          0x00000000000106bc        0x0 c:/psdk3v2/project/samples/sound_proj/include/ya2d/libya2d/lib\libya2d.a(ya2d.o)
 *fill*         0x00000000000106bc        0x4 60000000
 .text.ya2d_init
                0x00000000000106c0      0x124 c:/psdk3v2/project/samples/sound_proj/include/ya2d/libya2d/lib\libya2d.a(ya2d.o)
                0x00000000000106c0                .ya2d_init
 *fill*         0x00000000000107e4        0x4 60000000
 .text.ya2d_deinit
                0x00000000000107e8       0x6c c:/psdk3v2/project/samples/sound_proj/include/ya2d/libya2d/lib\libya2d.a(ya2d.o)
                0x00000000000107e8                .ya2d_deinit
 *fill*         0x0000000000010854        0x4 60000000
 .text.ya2d_readControls
                0x0000000000010858       0x10 c:/psdk3v2/project/samples/sound_proj/include/ya2d/libya2d/lib\libya2d.a(ya2d.o)
                0x0000000000010858                .ya2d_readControls
 .text.ya2d_error
                0x0000000000010868       0x6c c:/psdk3v2/project/samples/sound_proj/include/ya2d/libya2d/lib\libya2d.a(ya2d.o)
                0x0000000000010868                .ya2d_error
 .text          0x00000000000108d4        0x0 c:/psdk3v2/project/samples/sound_proj/include/ya2d/libya2d/lib\libya2d.a(ya2d_controls.o)
 *fill*         0x00000000000108d4        0x4 60000000
 .text.ya2d_controlsRead
                0x00000000000108d8       0xc0 c:/psdk3v2/project/samples/sound_proj/include/ya2d/libya2d/lib\libya2d.a(ya2d_controls.o)
                0x00000000000108d8                .ya2d_controlsRead
 .text          0x0000000000010998        0x0 c:/psdk3v2/project/samples/sound_proj/include/ya2d/libya2d/lib\libya2d.a(ya2d_screen.o)
 .text.ya2d_screenClear
                0x0000000000010998       0x60 c:/psdk3v2/project/samples/sound_proj/include/ya2d/libya2d/lib\libya2d.a(ya2d_screen.o)
                0x0000000000010998                .ya2d_screenClear
 .text.ya2d_screenSetClearColor
                0x00000000000109f8       0x18 c:/psdk3v2/project/samples/sound_proj/include/ya2d/libya2d/lib\libya2d.a(ya2d_screen.o)
                0x00000000000109f8                .ya2d_screenSetClearColor
 .text.ya2d_screenBeginDrawing
                0x0000000000010a10       0x30 c:/psdk3v2/project/samples/sound_proj/include/ya2d/libya2d/lib\libya2d.a(ya2d_screen.o)
                0x0000000000010a10                .ya2d_screenBeginDrawing
 .text.ya2d_screenFlip
                0x0000000000010a40      0x1b4 c:/psdk3v2/project/samples/sound_proj/include/ya2d/libya2d/lib\libya2d.a(ya2d_screen.o)
                0x0000000000010a40                .ya2d_screenFlip
 *fill*         0x0000000000010bf4        0x4 60000000
 .text.ya2d_screenFPS
                0x0000000000010bf8       0x18 c:/psdk3v2/project/samples/sound_proj/include/ya2d/libya2d/lib\libya2d.a(ya2d_screen.o)
                0x0000000000010bf8                .ya2d_screenFPS
 .text          0x0000000000010c10        0x0 c:/psdk3v2/project/samples/sound_proj/include/ya2d/libya2d/lib\libya2d.a(msxfont.o)
 .text          0x0000000000010c10        0x0 c:/psdk3v2/project/samples/sound_proj/include/ya2d/libya2d/lib\libya2d.a(valloc.o)
 .text.init_valloc
                0x0000000000010c10       0x20 c:/psdk3v2/project/samples/sound_proj/include/ya2d/libya2d/lib\libya2d.a(valloc.o)
                0x0000000000010c10                .init_valloc
 .text.vgetMemorySize
                0x0000000000010c30       0x54 c:/psdk3v2/project/samples/sound_proj/include/ya2d/libya2d/lib\libya2d.a(valloc.o)
                0x0000000000010c30                .vgetMemorySize
 *fill*         0x0000000000010c84        0x4 60000000
 .text.vGuPointer
                0x0000000000010c88       0x1c c:/psdk3v2/project/samples/sound_proj/include/ya2d/libya2d/lib\libya2d.a(valloc.o)
                0x0000000000010c88                .vGuPointer
 *fill*         0x0000000000010ca4        0x4 60000000
 .text.vCPUPointer
                0x0000000000010ca8       0x1c c:/psdk3v2/project/samples/sound_proj/include/ya2d/libya2d/lib\libya2d.a(valloc.o)
                0x0000000000010ca8                .vCPUPointer
 *fill*         0x0000000000010cc4        0x4 60000000
 .text._vram_mem_fit
                0x0000000000010cc8       0x9c c:/psdk3v2/project/samples/sound_proj/include/ya2d/libya2d/lib\libya2d.a(valloc.o)
                0x0000000000010cc8                ._vram_mem_fit
 *fill*         0x0000000000010d64        0x4 60000000
 .text.valloc   0x0000000000010d68      0x184 c:/psdk3v2/project/samples/sound_proj/include/ya2d/libya2d/lib\libya2d.a(valloc.o)
                0x0000000000010d68                .valloc
 *fill*         0x0000000000010eec        0x4 60000000
 .text.vfree    0x0000000000010ef0       0xf0 c:/psdk3v2/project/samples/sound_proj/include/ya2d/libya2d/lib\libya2d.a(valloc.o)
                0x0000000000010ef0                .vfree
 .text.vmemavail
                0x0000000000010fe0       0x78 c:/psdk3v2/project/samples/sound_proj/include/ya2d/libya2d/lib\libya2d.a(valloc.o)
                0x0000000000010fe0                .vmemavail
 .text.vlargestblock
                0x0000000000011058       0x80 c:/psdk3v2/project/samples/sound_proj/include/ya2d/libya2d/lib\libya2d.a(valloc.o)
                0x0000000000011058                .vlargestblock
 .text          0x00000000000110d8        0x0 c:/PSDK3v2/ps3dev/portlibs/ppu/lib\libfont.a(libfont.o)
 .text.i_must_break_line
                0x00000000000110d8      0x130 c:/PSDK3v2/ps3dev/portlibs/ppu/lib\libfont.a(libfont.o)
 .text.ResetFont
                0x0000000000011208       0x7c c:/PSDK3v2/ps3dev/portlibs/ppu/lib\libfont.a(libfont.o)
                0x0000000000011208                .ResetFont
 *fill*         0x0000000000011284        0x4 60000000
 .text.AddFontFromBitmapArray
                0x0000000000011288      0x428 c:/PSDK3v2/ps3dev/portlibs/ppu/lib\libfont.a(libfont.o)
                0x0000000000011288                .AddFontFromBitmapArray
 .text.AddFontFromTTF
                0x00000000000116b0      0x3a8 c:/PSDK3v2/ps3dev/portlibs/ppu/lib\libfont.a(libfont.o)
                0x00000000000116b0                .AddFontFromTTF
 .text.SetCurrentFont
                0x0000000000011a58       0x4c c:/PSDK3v2/ps3dev/portlibs/ppu/lib\libfont.a(libfont.o)
                0x0000000000011a58                .SetCurrentFont
 *fill*         0x0000000000011aa4        0x4 60000000
 .text.SetFontSize
                0x0000000000011aa8       0x34 c:/PSDK3v2/ps3dev/portlibs/ppu/lib\libfont.a(libfont.o)
                0x0000000000011aa8                .SetFontSize
 *fill*         0x0000000000011adc        0x4 60000000
 .text.SetFontColor
                0x0000000000011ae0       0x1c c:/PSDK3v2/ps3dev/portlibs/ppu/lib\libfont.a(libfont.o)
                0x0000000000011ae0                .SetFontColor
 *fill*         0x0000000000011afc        0x4 60000000
 .text.SetFontTextureMethod
                0x0000000000011b00       0x18 c:/PSDK3v2/ps3dev/portlibs/ppu/lib\libfont.a(libfont.o)
                0x0000000000011b00                .SetFontTextureMethod
 .text.SetDoubleTextureModule
                0x0000000000011b18       0x1c c:/PSDK3v2/ps3dev/portlibs/ppu/lib\libfont.a(libfont.o)
                0x0000000000011b18                .SetDoubleTextureModule
 *fill*         0x0000000000011b34        0x4 60000000
 .text.SetFontAutoCenter
                0x0000000000011b38       0x20 c:/PSDK3v2/ps3dev/portlibs/ppu/lib\libfont.a(libfont.o)
                0x0000000000011b38                .SetFontAutoCenter
 .text.SetFontAutoNewLine
                0x0000000000011b58       0x20 c:/PSDK3v2/ps3dev/portlibs/ppu/lib\libfont.a(libfont.o)
                0x0000000000011b58                .SetFontAutoNewLine
 .text.SetFontZ
                0x0000000000011b78       0x18 c:/PSDK3v2/ps3dev/portlibs/ppu/lib\libfont.a(libfont.o)
                0x0000000000011b78                .SetFontZ
 .text.GetFontX
                0x0000000000011b90       0x18 c:/PSDK3v2/ps3dev/portlibs/ppu/lib\libfont.a(libfont.o)
                0x0000000000011b90                .GetFontX
 .text.GetFontY
                0x0000000000011ba8       0x18 c:/PSDK3v2/ps3dev/portlibs/ppu/lib\libfont.a(libfont.o)
                0x0000000000011ba8                .GetFontY
 .text.SetFontScreenLimits
                0x0000000000011bc0       0x1c c:/PSDK3v2/ps3dev/portlibs/ppu/lib\libfont.a(libfont.o)
                0x0000000000011bc0                .SetFontScreenLimits
 *fill*         0x0000000000011bdc        0x4 60000000
 .text.DrawChar
                0x0000000000011be0      0xa34 c:/PSDK3v2/ps3dev/portlibs/ppu/lib\libfont.a(libfont.o)
                0x0000000000011be0                .DrawChar
 *fill*         0x0000000000012614        0x4 60000000
 .text.DrawString
                0x0000000000012618      0x2f0 c:/PSDK3v2/ps3dev/portlibs/ppu/lib\libfont.a(libfont.o)
                0x0000000000012618                .DrawString
 .text.DrawFormatString
                0x0000000000012908      0x320 c:/PSDK3v2/ps3dev/portlibs/ppu/lib\libfont.a(libfont.o)
                0x0000000000012908                .DrawFormatString
 .text          0x0000000000012c28        0x0 c:/PSDK3v2/ps3dev/portlibs/ppu/lib\libtiny3d.a(tiny3d.o)
 .text.push_list_cmd
                0x0000000000012c28      0x154 c:/PSDK3v2/ps3dev/portlibs/ppu/lib\libtiny3d.a(tiny3d.o)
 *fill*         0x0000000000012d7c        0x4 60000000
 .text.rsxtiny_SetVertexProgramConstant3f
                0x0000000000012d80       0x58 c:/PSDK3v2/ps3dev/portlibs/ppu/lib\libtiny3d.a(tiny3d.o)
 .text.Update_With_Normal
                0x0000000000012dd8      0x2a0 c:/PSDK3v2/ps3dev/portlibs/ppu/lib\libtiny3d.a(tiny3d.o)
 .text.set_shader_context
                0x0000000000013078      0x398 c:/PSDK3v2/ps3dev/portlibs/ppu/lib\libtiny3d.a(tiny3d.o)
 .text.put_vertex
                0x0000000000013410      0x258 c:/PSDK3v2/ps3dev/portlibs/ppu/lib\libtiny3d.a(tiny3d.o)
 .text.push_normal_list
                0x0000000000013668      0x1c4 c:/PSDK3v2/ps3dev/portlibs/ppu/lib\libtiny3d.a(tiny3d.o)
 *fill*         0x000000000001382c        0x4 60000000
 .text.push_position_list
                0x0000000000013830      0x1f0 c:/PSDK3v2/ps3dev/portlibs/ppu/lib\libtiny3d.a(tiny3d.o)
 .text.tiny3d_callback
                0x0000000000013a20      0x1a0 c:/PSDK3v2/ps3dev/portlibs/ppu/lib\libtiny3d.a(tiny3d.o)
 .text.tiny3d_Exit
                0x0000000000013bc0      0x1ec c:/PSDK3v2/ps3dev/portlibs/ppu/lib\libtiny3d.a(tiny3d.o)
                0x0000000000013bc0                .tiny3d_Exit
 *fill*         0x0000000000013dac        0x4 60000000
 .text.tiny3d_alarm
                0x0000000000013db0       0x10 c:/PSDK3v2/ps3dev/portlibs/ppu/lib\libtiny3d.a(tiny3d.o)
                0x0000000000013db0                .tiny3d_alarm
 .text.tiny3d_RecordList
                0x0000000000013dc0       0xa4 c:/PSDK3v2/ps3dev/portlibs/ppu/lib\libtiny3d.a(tiny3d.o)
                0x0000000000013dc0                .tiny3d_RecordList
 *fill*         0x0000000000013e64        0x4 60000000
 .text.tiny3d_StopList
                0x0000000000013e68      0x138 c:/PSDK3v2/ps3dev/portlibs/ppu/lib\libtiny3d.a(tiny3d.o)
                0x0000000000013e68                .tiny3d_StopList
 .text.tiny3d_FreeList
                0x0000000000013fa0       0xcc c:/PSDK3v2/ps3dev/portlibs/ppu/lib\libtiny3d.a(tiny3d.o)
                0x0000000000013fa0                .tiny3d_FreeList
 *fill*         0x000000000001406c        0x4 60000000
 .text.tiny3d_DynamicMatrixList
                0x0000000000014070       0xec c:/PSDK3v2/ps3dev/portlibs/ppu/lib\libtiny3d.a(tiny3d.o)
                0x0000000000014070                .tiny3d_DynamicMatrixList
 *fill*         0x000000000001415c        0x4 60000000
 .text.tiny3d_ApplyMatrixList
                0x0000000000014160       0xc8 c:/PSDK3v2/ps3dev/portlibs/ppu/lib\libtiny3d.a(tiny3d.o)
                0x0000000000014160                .tiny3d_ApplyMatrixList
 .text.tiny3d_Init
                0x0000000000014228      0x4ec c:/PSDK3v2/ps3dev/portlibs/ppu/lib\libtiny3d.a(tiny3d.o)
                0x0000000000014228                .tiny3d_Init
 *fill*         0x0000000000014714        0x4 60000000
 .text.tiny3d_SetPolygon
                0x0000000000014718      0x228 c:/PSDK3v2/ps3dev/portlibs/ppu/lib\libtiny3d.a(tiny3d.o)
                0x0000000000014718                .tiny3d_SetPolygon
 .text.tiny3d_VertexPos
                0x0000000000014940       0xcc c:/PSDK3v2/ps3dev/portlibs/ppu/lib\libtiny3d.a(tiny3d.o)
                0x0000000000014940                .tiny3d_VertexPos
 *fill*         0x0000000000014a0c        0x4 60000000
 .text.tiny3d_VertexPos4
                0x0000000000014a10       0xd0 c:/PSDK3v2/ps3dev/portlibs/ppu/lib\libtiny3d.a(tiny3d.o)
                0x0000000000014a10                .tiny3d_VertexPos4
 .text.tiny3d_VertexPosVector
                0x0000000000014ae0       0xe0 c:/PSDK3v2/ps3dev/portlibs/ppu/lib\libtiny3d.a(tiny3d.o)
                0x0000000000014ae0                .tiny3d_VertexPosVector
 .text.tiny3d_VertexColor
                0x0000000000014bc0       0xb4 c:/PSDK3v2/ps3dev/portlibs/ppu/lib\libtiny3d.a(tiny3d.o)
                0x0000000000014bc0                .tiny3d_VertexColor
 *fill*         0x0000000000014c74        0x4 60000000
 .text.tiny3d_VertexFcolor
                0x0000000000014c78      0x104 c:/PSDK3v2/ps3dev/portlibs/ppu/lib\libtiny3d.a(tiny3d.o)
                0x0000000000014c78                .tiny3d_VertexFcolor
 *fill*         0x0000000000014d7c        0x4 60000000
 .text.tiny3d_VertexTexture
                0x0000000000014d80       0xbc c:/PSDK3v2/ps3dev/portlibs/ppu/lib\libtiny3d.a(tiny3d.o)
                0x0000000000014d80                .tiny3d_VertexTexture
 *fill*         0x0000000000014e3c        0x4 60000000
 .text.tiny3d_VertexTexture2
                0x0000000000014e40       0xcc c:/PSDK3v2/ps3dev/portlibs/ppu/lib\libtiny3d.a(tiny3d.o)
                0x0000000000014e40                .tiny3d_VertexTexture2
 *fill*         0x0000000000014f0c        0x4 60000000
 .text.tiny3d_Normal
                0x0000000000014f10       0x48 c:/PSDK3v2/ps3dev/portlibs/ppu/lib\libtiny3d.a(tiny3d.o)
                0x0000000000014f10                .tiny3d_Normal
 .text.tiny3d_NormalVector
                0x0000000000014f58       0x58 c:/PSDK3v2/ps3dev/portlibs/ppu/lib\libtiny3d.a(tiny3d.o)
                0x0000000000014f58                .tiny3d_NormalVector
 .text.tiny3d_End
                0x0000000000014fb0      0x690 c:/PSDK3v2/ps3dev/portlibs/ppu/lib\libtiny3d.a(tiny3d.o)
                0x0000000000014fb0                .tiny3d_End
 .text.tiny3d_SetMatrixModelView
                0x0000000000015640      0x278 c:/PSDK3v2/ps3dev/portlibs/ppu/lib\libtiny3d.a(tiny3d.o)
                0x0000000000015640                .tiny3d_SetMatrixModelView
 .text.tiny3d_SetProjectionMatrix
                0x00000000000158b8       0xd8 c:/PSDK3v2/ps3dev/portlibs/ppu/lib\libtiny3d.a(tiny3d.o)
                0x00000000000158b8                .tiny3d_SetProjectionMatrix
 .text.tiny3d_Flip
                0x0000000000015990       0xf8 c:/PSDK3v2/ps3dev/portlibs/ppu/lib\libtiny3d.a(tiny3d.o)
                0x0000000000015990                .tiny3d_Flip
 .text.tiny3d_UserViewport
                0x0000000000015a88       0x5c c:/PSDK3v2/ps3dev/portlibs/ppu/lib\libtiny3d.a(tiny3d.o)
                0x0000000000015a88                .tiny3d_UserViewport
 *fill*         0x0000000000015ae4        0x4 60000000
 .text.tiny3d_UserViewport2
                0x0000000000015ae8       0x58 c:/PSDK3v2/ps3dev/portlibs/ppu/lib\libtiny3d.a(tiny3d.o)
                0x0000000000015ae8                .tiny3d_UserViewport2
 .text.tiny3d_UserViewportSurface
                0x0000000000015b40       0x28 c:/PSDK3v2/ps3dev/portlibs/ppu/lib\libtiny3d.a(tiny3d.o)
                0x0000000000015b40                .tiny3d_UserViewportSurface
 .text.tiny3d_Project2D
                0x0000000000015b68      0x310 c:/PSDK3v2/ps3dev/portlibs/ppu/lib\libtiny3d.a(tiny3d.o)
                0x0000000000015b68                .tiny3d_Project2D
 .text.tiny3d_Project3D
                0x0000000000015e78      0x254 c:/PSDK3v2/ps3dev/portlibs/ppu/lib\libtiny3d.a(tiny3d.o)
                0x0000000000015e78                .tiny3d_Project3D
 *fill*         0x00000000000160cc        0x4 60000000
 .text.tiny3d_Clear
                0x00000000000160d0      0x330 c:/PSDK3v2/ps3dev/portlibs/ppu/lib\libtiny3d.a(tiny3d.o)
                0x00000000000160d0                .tiny3d_Clear
 .text.tiny3d_ClearSurface
                0x0000000000016400      0x204 c:/PSDK3v2/ps3dev/portlibs/ppu/lib\libtiny3d.a(tiny3d.o)
                0x0000000000016400                .tiny3d_ClearSurface
 *fill*         0x0000000000016604        0x4 60000000
 .text.tiny3d_AlphaTest
                0x0000000000016608       0x88 c:/PSDK3v2/ps3dev/portlibs/ppu/lib\libtiny3d.a(tiny3d.o)
                0x0000000000016608                .tiny3d_AlphaTest
 .text.tiny3d_BlendFunc
                0x0000000000016690       0x84 c:/PSDK3v2/ps3dev/portlibs/ppu/lib\libtiny3d.a(tiny3d.o)
                0x0000000000016690                .tiny3d_BlendFunc
 *fill*         0x0000000000016714        0x4 60000000
 .text.tiny3d_SetTextureWrap
                0x0000000000016718      0x288 c:/PSDK3v2/ps3dev/portlibs/ppu/lib\libtiny3d.a(tiny3d.o)
                0x0000000000016718                .tiny3d_SetTextureWrap
 .text.tiny3d_SetTexture
                0x00000000000169a0      0x1e4 c:/PSDK3v2/ps3dev/portlibs/ppu/lib\libtiny3d.a(tiny3d.o)
                0x00000000000169a0                .tiny3d_SetTexture
 *fill*         0x0000000000016b84        0x4 60000000
 .text.tiny3d_AllocTexture
                0x0000000000016b88       0x38 c:/PSDK3v2/ps3dev/portlibs/ppu/lib\libtiny3d.a(tiny3d.o)
                0x0000000000016b88                .tiny3d_AllocTexture
 .text.tiny3d_TextureOffset
                0x0000000000016bc0       0x40 c:/PSDK3v2/ps3dev/portlibs/ppu/lib\libtiny3d.a(tiny3d.o)
                0x0000000000016bc0                .tiny3d_TextureOffset
 .text.tiny3d_EmissiveMaterial
                0x0000000000016c00       0xf4 c:/PSDK3v2/ps3dev/portlibs/ppu/lib\libtiny3d.a(tiny3d.o)
                0x0000000000016c00                .tiny3d_EmissiveMaterial
 *fill*         0x0000000000016cf4        0x4 60000000
 .text.tiny3d_AmbientMaterial
                0x0000000000016cf8       0xf4 c:/PSDK3v2/ps3dev/portlibs/ppu/lib\libtiny3d.a(tiny3d.o)
                0x0000000000016cf8                .tiny3d_AmbientMaterial
 *fill*         0x0000000000016dec        0x4 60000000
 .text.tiny3d_DiffuseMaterial
                0x0000000000016df0       0xf4 c:/PSDK3v2/ps3dev/portlibs/ppu/lib\libtiny3d.a(tiny3d.o)
                0x0000000000016df0                .tiny3d_DiffuseMaterial
 *fill*         0x0000000000016ee4        0x4 60000000
 .text.tiny3d_SpecularMaterial
                0x0000000000016ee8       0xf4 c:/PSDK3v2/ps3dev/portlibs/ppu/lib\libtiny3d.a(tiny3d.o)
                0x0000000000016ee8                .tiny3d_SpecularMaterial
 *fill*         0x0000000000016fdc        0x4 60000000
 .text.tiny3d_SetLightCameraPosition
                0x0000000000016fe0       0x38 c:/PSDK3v2/ps3dev/portlibs/ppu/lib\libtiny3d.a(tiny3d.o)
                0x0000000000016fe0                .tiny3d_SetLightCameraPosition
 .text.tiny3d_SetLight
                0x0000000000017018       0x90 c:/PSDK3v2/ps3dev/portlibs/ppu/lib\libtiny3d.a(tiny3d.o)
                0x0000000000017018                .tiny3d_SetLight
 .text.tiny3d_SetLightsOff
                0x00000000000170a8       0x38 c:/PSDK3v2/ps3dev/portlibs/ppu/lib\libtiny3d.a(tiny3d.o)
                0x00000000000170a8                .tiny3d_SetLightsOff
 .text.tiny3d_SetAmbientLight
                0x00000000000170e0       0x38 c:/PSDK3v2/ps3dev/portlibs/ppu/lib\libtiny3d.a(tiny3d.o)
                0x00000000000170e0                .tiny3d_SetAmbientLight
 .text.tiny3d_SelMultiTexturesMethod
                0x0000000000017118       0xac c:/PSDK3v2/ps3dev/portlibs/ppu/lib\libtiny3d.a(tiny3d.o)
                0x0000000000017118                .tiny3d_SelMultiTexturesMethod
 *fill*         0x00000000000171c4        0x4 60000000
 .text.tiny3d_DrawList
                0x00000000000171c8      0x65c c:/PSDK3v2/ps3dev/portlibs/ppu/lib\libtiny3d.a(tiny3d.o)
                0x00000000000171c8                .tiny3d_DrawList
 *fill*         0x0000000000017824        0x4 60000000
 .text.tiny3d_MenuActive
                0x0000000000017828       0x1c c:/PSDK3v2/ps3dev/portlibs/ppu/lib\libtiny3d.a(tiny3d.o)
                0x0000000000017828                .tiny3d_MenuActive
 *fill*         0x0000000000017844        0x4 60000000
 .text.tiny3d_Enable_YUV
                0x0000000000017848       0x2c c:/PSDK3v2/ps3dev/portlibs/ppu/lib\libtiny3d.a(tiny3d.o)
                0x0000000000017848                .tiny3d_Enable_YUV
 *fill*         0x0000000000017874        0x4 60000000
 .text.tiny3d_Disable_YUV
                0x0000000000017878       0x28 c:/PSDK3v2/ps3dev/portlibs/ppu/lib\libtiny3d.a(tiny3d.o)
                0x0000000000017878                .tiny3d_Disable_YUV
 .text.tiny3d_Dirty_Status
                0x00000000000178a0       0x78 c:/PSDK3v2/ps3dev/portlibs/ppu/lib\libtiny3d.a(tiny3d.o)
                0x00000000000178a0                .tiny3d_Dirty_Status
 .text.tiny3d_Get_GCM_Context
                0x0000000000017918       0x18 c:/PSDK3v2/ps3dev/portlibs/ppu/lib\libtiny3d.a(tiny3d.o)
                0x0000000000017918                .tiny3d_Get_GCM_Context
 .text.tiny3d_DoCmd_Space
                0x0000000000017930       0x4c c:/PSDK3v2/ps3dev/portlibs/ppu/lib\libtiny3d.a(tiny3d.o)
                0x0000000000017930                .tiny3d_DoCmd_Space
 .text          0x000000000001797c        0x0 c:/PSDK3v2/ps3dev/portlibs/ppu/lib\libtiny3d.a(vshader_text_normal.vcg.o)
 .text          0x000000000001797c        0x0 c:/PSDK3v2/ps3dev/portlibs/ppu/lib\libtiny3d.a(commands.o)
 *fill*         0x000000000001797c        0x4 60000000
 .text.rsxtiny_MakeCmdSpace
                0x0000000000017980       0xec c:/PSDK3v2/ps3dev/portlibs/ppu/lib\libtiny3d.a(commands.o)
                0x0000000000017980                .rsxtiny_MakeCmdSpace
 *fill*         0x0000000000017a6c        0x4 60000000
 .text.rsxtiny_SetReferenceCommand
                0x0000000000017a70      0x10c c:/PSDK3v2/ps3dev/portlibs/ppu/lib\libtiny3d.a(commands.o)
                0x0000000000017a70                .rsxtiny_SetReferenceCommand
 *fill*         0x0000000000017b7c        0x4 60000000
 .text.rsxtiny_SetWriteBackendLabel
                0x0000000000017b80      0x154 c:/PSDK3v2/ps3dev/portlibs/ppu/lib\libtiny3d.a(commands.o)
                0x0000000000017b80                .rsxtiny_SetWriteBackendLabel
 *fill*         0x0000000000017cd4        0x4 60000000
 .text.rsxtiny_SetWaitLabel
                0x0000000000017cd8      0x134 c:/PSDK3v2/ps3dev/portlibs/ppu/lib\libtiny3d.a(commands.o)
                0x0000000000017cd8                .rsxtiny_SetWaitLabel
 *fill*         0x0000000000017e0c        0x4 60000000
 .text.rsxtiny_SetScissor
                0x0000000000017e10      0x154 c:/PSDK3v2/ps3dev/portlibs/ppu/lib\libtiny3d.a(commands.o)
                0x0000000000017e10                .rsxtiny_SetScissor
 *fill*         0x0000000000017f64        0x4 60000000
 .text.rsxtiny_SetClearColor
                0x0000000000017f68      0x10c c:/PSDK3v2/ps3dev/portlibs/ppu/lib\libtiny3d.a(commands.o)
                0x0000000000017f68                .rsxtiny_SetClearColor
 *fill*         0x0000000000018074        0x4 60000000
 .text.rsxtiny_SetClearDepthValue
                0x0000000000018078      0x10c c:/PSDK3v2/ps3dev/portlibs/ppu/lib\libtiny3d.a(commands.o)
                0x0000000000018078                .rsxtiny_SetClearDepthValue
 *fill*         0x0000000000018184        0x4 60000000
 .text.rsxtiny_Nop
                0x0000000000018188       0xfc c:/PSDK3v2/ps3dev/portlibs/ppu/lib\libtiny3d.a(commands.o)
                0x0000000000018188                .rsxtiny_Nop
 *fill*         0x0000000000018284        0x4 60000000
 .text.rsxtiny_ClearBuffers
                0x0000000000018288      0x12c c:/PSDK3v2/ps3dev/portlibs/ppu/lib\libtiny3d.a(commands.o)
                0x0000000000018288                .rsxtiny_ClearBuffers
 *fill*         0x00000000000183b4        0x4 60000000
 .text.rsxtiny_SetRenderSurface
                0x00000000000183b8      0x17c c:/PSDK3v2/ps3dev/portlibs/ppu/lib\libtiny3d.a(commands.o)
                0x00000000000183b8                .rsxtiny_SetRenderSurface
 *fill*         0x0000000000018534        0x4 60000000
 .text.rsxtiny_SelectRenderTarget
                0x0000000000018538      0x204 c:/PSDK3v2/ps3dev/portlibs/ppu/lib\libtiny3d.a(commands.o)
                0x0000000000018538                .rsxtiny_SelectRenderTarget
 *fill*         0x000000000001873c        0x4 60000000
 .text.rsxtiny_Viewport
                0x0000000000018740      0x12c c:/PSDK3v2/ps3dev/portlibs/ppu/lib\libtiny3d.a(commands.o)
                0x0000000000018740                .rsxtiny_Viewport
 *fill*         0x000000000001886c        0x4 60000000
 .text.rsxtiny_ViewportClip
                0x0000000000018870      0x14c c:/PSDK3v2/ps3dev/portlibs/ppu/lib\libtiny3d.a(commands.o)
                0x0000000000018870                .rsxtiny_ViewportClip
 *fill*         0x00000000000189bc        0x4 60000000
 .text.rsxtiny_VertexBegin
                0x00000000000189c0      0x10c c:/PSDK3v2/ps3dev/portlibs/ppu/lib\libtiny3d.a(commands.o)
                0x00000000000189c0                .rsxtiny_VertexBegin
 *fill*         0x0000000000018acc        0x4 60000000
 .text.rsxtiny_VertexEnd
                0x0000000000018ad0       0xfc c:/PSDK3v2/ps3dev/portlibs/ppu/lib\libtiny3d.a(commands.o)
                0x0000000000018ad0                .rsxtiny_VertexEnd
 *fill*         0x0000000000018bcc        0x4 60000000
 .text.rsxtiny_Vertex4f
                0x0000000000018bd0      0x134 c:/PSDK3v2/ps3dev/portlibs/ppu/lib\libtiny3d.a(commands.o)
                0x0000000000018bd0                .rsxtiny_Vertex4f
 *fill*         0x0000000000018d04        0x4 60000000
 .text.rsxtiny_TexCoord2f
                0x0000000000018d08      0x114 c:/PSDK3v2/ps3dev/portlibs/ppu/lib\libtiny3d.a(commands.o)
                0x0000000000018d08                .rsxtiny_TexCoord2f
 *fill*         0x0000000000018e1c        0x4 60000000
 .text.rsxtiny_SetVertexProgramConstant4f
                0x0000000000018e20      0x14c c:/PSDK3v2/ps3dev/portlibs/ppu/lib\libtiny3d.a(commands.o)
                0x0000000000018e20                .rsxtiny_SetVertexProgramConstant4f
 *fill*         0x0000000000018f6c        0x4 60000000
 .text.rsxtiny_LoadVertexProgram
                0x0000000000018f70      0x2f4 c:/PSDK3v2/ps3dev/portlibs/ppu/lib\libtiny3d.a(commands.o)
                0x0000000000018f70                .rsxtiny_LoadVertexProgram
 *fill*         0x0000000000019264        0x4 60000000
 .text.rsxtiny_SetVertexProgramConstant4fBlock
                0x0000000000019268      0x160 c:/PSDK3v2/ps3dev/portlibs/ppu/lib\libtiny3d.a(commands.o)
                0x0000000000019268                .rsxtiny_SetVertexProgramConstant4fBlock
 .text.rsxtiny_InstallFragmentProgram
                0x00000000000193c8       0x70 c:/PSDK3v2/ps3dev/portlibs/ppu/lib\libtiny3d.a(commands.o)
                0x00000000000193c8                .rsxtiny_InstallFragmentProgram
 .text.rsxtiny_LoadFragmentProgram
                0x0000000000019438      0x13c c:/PSDK3v2/ps3dev/portlibs/ppu/lib\libtiny3d.a(commands.o)
                0x0000000000019438                .rsxtiny_LoadFragmentProgram
 *fill*         0x0000000000019574        0x4 60000000
 .text.rsxtiny_InvalidateTextureCache
                0x0000000000019578      0x10c c:/PSDK3v2/ps3dev/portlibs/ppu/lib\libtiny3d.a(commands.o)
                0x0000000000019578                .rsxtiny_InvalidateTextureCache
 *fill*         0x0000000000019684        0x4 60000000
 .text.rsxtiny_SetTexture
                0x0000000000019688      0x204 c:/PSDK3v2/ps3dev/portlibs/ppu/lib\libtiny3d.a(commands.o)
                0x0000000000019688                .rsxtiny_SetTexture
 *fill*         0x000000000001988c        0x4 60000000
 .text.rsxtiny_ViewportTranslate
                0x0000000000019890      0x134 c:/PSDK3v2/ps3dev/portlibs/ppu/lib\libtiny3d.a(commands.o)
                0x0000000000019890                .rsxtiny_ViewportTranslate
 *fill*         0x00000000000199c4        0x4 60000000
 .text.rsxtiny_ViewportScale
                0x00000000000199c8      0x134 c:/PSDK3v2/ps3dev/portlibs/ppu/lib\libtiny3d.a(commands.o)
                0x00000000000199c8                .rsxtiny_ViewportScale
 *fill*         0x0000000000019afc        0x4 60000000
 .text.rsxtiny_CullFace
                0x0000000000019b00      0x10c c:/PSDK3v2/ps3dev/portlibs/ppu/lib\libtiny3d.a(commands.o)
                0x0000000000019b00                .rsxtiny_CullFace
 *fill*         0x0000000000019c0c        0x4 60000000
 .text.rsxtiny_FrontFace
                0x0000000000019c10      0x10c c:/PSDK3v2/ps3dev/portlibs/ppu/lib\libtiny3d.a(commands.o)
                0x0000000000019c10                .rsxtiny_FrontFace
 *fill*         0x0000000000019d1c        0x4 60000000
 .text.rsxtiny_CullEnable
                0x0000000000019d20      0x10c c:/PSDK3v2/ps3dev/portlibs/ppu/lib\libtiny3d.a(commands.o)
                0x0000000000019d20                .rsxtiny_CullEnable
 *fill*         0x0000000000019e2c        0x4 60000000
 .text.rsxtiny_AlphaEnable
                0x0000000000019e30      0x10c c:/PSDK3v2/ps3dev/portlibs/ppu/lib\libtiny3d.a(commands.o)
                0x0000000000019e30                .rsxtiny_AlphaEnable
 *fill*         0x0000000000019f3c        0x4 60000000
 .text.rsxtiny_AlphaRef
                0x0000000000019f40      0x10c c:/PSDK3v2/ps3dev/portlibs/ppu/lib\libtiny3d.a(commands.o)
                0x0000000000019f40                .rsxtiny_AlphaRef
 *fill*         0x000000000001a04c        0x4 60000000
 .text.rsxtiny_AlphaFunc
                0x000000000001a050      0x10c c:/PSDK3v2/ps3dev/portlibs/ppu/lib\libtiny3d.a(commands.o)
                0x000000000001a050                .rsxtiny_AlphaFunc
 *fill*         0x000000000001a15c        0x4 60000000
 .text.rsxtiny_BlendEnable
                0x000000000001a160      0x10c c:/PSDK3v2/ps3dev/portlibs/ppu/lib\libtiny3d.a(commands.o)
                0x000000000001a160                .rsxtiny_BlendEnable
 *fill*         0x000000000001a26c        0x4 60000000
 .text.rsxtiny_BlendEquation
                0x000000000001a270      0x10c c:/PSDK3v2/ps3dev/portlibs/ppu/lib\libtiny3d.a(commands.o)
                0x000000000001a270                .rsxtiny_BlendEquation
 *fill*         0x000000000001a37c        0x4 60000000
 .text.rsxtiny_BlendFunc
                0x000000000001a380      0x124 c:/PSDK3v2/ps3dev/portlibs/ppu/lib\libtiny3d.a(commands.o)
                0x000000000001a380                .rsxtiny_BlendFunc
 *fill*         0x000000000001a4a4        0x4 60000000
 .text.rsxtiny_ZControl
                0x000000000001a4a8      0x13c c:/PSDK3v2/ps3dev/portlibs/ppu/lib\libtiny3d.a(commands.o)
                0x000000000001a4a8                .rsxtiny_ZControl
 *fill*         0x000000000001a5e4        0x4 60000000
 .text.rsxtiny_BindVertexBufferAttribute
                0x000000000001a5e8      0x194 c:/PSDK3v2/ps3dev/portlibs/ppu/lib\libtiny3d.a(commands.o)
                0x000000000001a5e8                .rsxtiny_BindVertexBufferAttribute
 *fill*         0x000000000001a77c        0x4 60000000
 .text.rsxtiny_VertexInvalidate
                0x000000000001a780      0x10c c:/PSDK3v2/ps3dev/portlibs/ppu/lib\libtiny3d.a(commands.o)
                0x000000000001a780                .rsxtiny_VertexInvalidate
 *fill*         0x000000000001a88c        0x4 60000000
 .text.rsxtiny_DrawVertexBuffer
                0x000000000001a890      0x2f0 c:/PSDK3v2/ps3dev/portlibs/ppu/lib\libtiny3d.a(commands.o)
                0x000000000001a890                .rsxtiny_DrawVertexBuffer
 .text.rsxtiny_DrawVertexBufferIndex
                0x000000000001ab80      0x33c c:/PSDK3v2/ps3dev/portlibs/ppu/lib\libtiny3d.a(commands.o)
                0x000000000001ab80                .rsxtiny_DrawVertexBufferIndex
 *fill*         0x000000000001aebc        0x4 60000000
 .text.rsxtiny_DepthTestEnable
                0x000000000001aec0      0x10c c:/PSDK3v2/ps3dev/portlibs/ppu/lib\libtiny3d.a(commands.o)
                0x000000000001aec0                .rsxtiny_DepthTestEnable
 *fill*         0x000000000001afcc        0x4 60000000
 .text.rsxtiny_DepthTestFunc
                0x000000000001afd0      0x10c c:/PSDK3v2/ps3dev/portlibs/ppu/lib\libtiny3d.a(commands.o)
                0x000000000001afd0                .rsxtiny_DepthTestFunc
 *fill*         0x000000000001b0dc        0x4 60000000
 .text.rsxtiny_DepthWriteEnable
                0x000000000001b0e0      0x10c c:/PSDK3v2/ps3dev/portlibs/ppu/lib\libtiny3d.a(commands.o)
                0x000000000001b0e0                .rsxtiny_DepthWriteEnable
 .text          0x000000000001b1ec        0x0 c:/PSDK3v2/ps3dev/portlibs/ppu/lib\libtiny3d.a(glue.o)
 *fill*         0x000000000001b1ec        0x4 60000000
 .text.rsxtiny_FlushBuffer
                0x000000000001b1f0       0x78 c:/PSDK3v2/ps3dev/portlibs/ppu/lib\libtiny3d.a(glue.o)
                0x000000000001b1f0                .rsxtiny_FlushBuffer
 .text.rsxtiny_Init
                0x000000000001b268       0x58 c:/PSDK3v2/ps3dev/portlibs/ppu/lib\libtiny3d.a(glue.o)
                0x000000000001b268                .rsxtiny_Init
 .text.rsxtiny_AddressToOffset
                0x000000000001b2c0       0x30 c:/PSDK3v2/ps3dev/portlibs/ppu/lib\libtiny3d.a(glue.o)
                0x000000000001b2c0                .rsxtiny_AddressToOffset
 .text          0x000000000001b2f0        0x0 c:/PSDK3v2/ps3dev/portlibs/ppu/lib\libtiny3d.a(matrix.o)
 .text.MatrixProjPerspective
                0x000000000001b2f0      0x120 c:/PSDK3v2/ps3dev/portlibs/ppu/lib\libtiny3d.a(matrix.o)
                0x000000000001b2f0                .MatrixProjPerspective
 .text.MatrixVectorMultiply
                0x000000000001b410       0xa8 c:/PSDK3v2/ps3dev/portlibs/ppu/lib\libtiny3d.a(matrix.o)
                0x000000000001b410                .MatrixVectorMultiply
 .text.MatrixVectorMultiply3x3
                0x000000000001b4b8       0x90 c:/PSDK3v2/ps3dev/portlibs/ppu/lib\libtiny3d.a(matrix.o)
                0x000000000001b4b8                .MatrixVectorMultiply3x3
 .text.MatrixMultiply
                0x000000000001b548      0x3d8 c:/PSDK3v2/ps3dev/portlibs/ppu/lib\libtiny3d.a(matrix.o)
                0x000000000001b548                .MatrixMultiply
 .text.MatrixIdentity
                0x000000000001b920       0x54 c:/PSDK3v2/ps3dev/portlibs/ppu/lib\libtiny3d.a(matrix.o)
                0x000000000001b920                .MatrixIdentity
 *fill*         0x000000000001b974        0x4 60000000
 .text.MatrixTranslation
                0x000000000001b978       0x58 c:/PSDK3v2/ps3dev/portlibs/ppu/lib\libtiny3d.a(matrix.o)
                0x000000000001b978                .MatrixTranslation
 .text.MatrixTranspose
                0x000000000001b9d0       0xb0 c:/PSDK3v2/ps3dev/portlibs/ppu/lib\libtiny3d.a(matrix.o)
                0x000000000001b9d0                .MatrixTranspose
 .text.MatrixScale
                0x000000000001ba80       0x60 c:/PSDK3v2/ps3dev/portlibs/ppu/lib\libtiny3d.a(matrix.o)
                0x000000000001ba80                .MatrixScale
 .text.MatrixRotationX
                0x000000000001bae0       0xfc c:/PSDK3v2/ps3dev/portlibs/ppu/lib\libtiny3d.a(matrix.o)
                0x000000000001bae0                .MatrixRotationX
 *fill*         0x000000000001bbdc        0x4 60000000
 .text.MatrixRotationY
                0x000000000001bbe0       0xfc c:/PSDK3v2/ps3dev/portlibs/ppu/lib\libtiny3d.a(matrix.o)
                0x000000000001bbe0                .MatrixRotationY
 *fill*         0x000000000001bcdc        0x4 60000000
 .text.MatrixRotationZ
                0x000000000001bce0       0xdc c:/PSDK3v2/ps3dev/portlibs/ppu/lib\libtiny3d.a(matrix.o)
                0x000000000001bce0                .MatrixRotationZ
 *fill*         0x000000000001bdbc        0x4 60000000
 .text.MatrixRotationAxis
                0x000000000001bdc0      0x2dc c:/PSDK3v2/ps3dev/portlibs/ppu/lib\libtiny3d.a(matrix.o)
                0x000000000001bdc0                .MatrixRotationAxis
 *fill*         0x000000000001c09c        0x4 60000000
 .text.VectorToUnit
                0x000000000001c0a0       0xbc c:/PSDK3v2/ps3dev/portlibs/ppu/lib\libtiny3d.a(matrix.o)
                0x000000000001c0a0                .VectorToUnit
 *fill*         0x000000000001c15c        0x4 60000000
 .text.VectorNormalPlane
                0x000000000001c160       0xd8 c:/PSDK3v2/ps3dev/portlibs/ppu/lib\libtiny3d.a(matrix.o)
                0x000000000001c160                .VectorNormalPlane
 .text.MakeLookAtMatrix
                0x000000000001c238      0x2ec c:/PSDK3v2/ps3dev/portlibs/ppu/lib\libtiny3d.a(matrix.o)
                0x000000000001c238                .MakeLookAtMatrix
 .text          0x000000000001c524        0x0 c:/PSDK3v2/ps3dev/portlibs/ppu/lib\libtiny3d.a(mm.o)
 *fill*         0x000000000001c524        0x4 60000000
 .text.rsxtiny_MemAlign
                0x000000000001c528      0x134 c:/PSDK3v2/ps3dev/portlibs/ppu/lib\libtiny3d.a(mm.o)
                0x000000000001c528                .rsxtiny_MemAlign
 *fill*         0x000000000001c65c        0x4 60000000
 .text.rsxtiny_Mem
                0x000000000001c660       0x18 c:/PSDK3v2/ps3dev/portlibs/ppu/lib\libtiny3d.a(mm.o)
                0x000000000001c660                .rsxtiny_Mem
 .text          0x000000000001c678        0x0 c:/PSDK3v2/ps3dev/portlibs/ppu/lib\libtiny3d.a(realityVP.o)
 .text.rsxtiny_VertexProgramGetUCode
                0x000000000001c678       0x18 c:/PSDK3v2/ps3dev/portlibs/ppu/lib\libtiny3d.a(realityVP.o)
                0x000000000001c678                .rsxtiny_VertexProgramGetUCode
 .text.rsxtiny_VertexProgramGetInputMask
                0x000000000001c690       0x14 c:/PSDK3v2/ps3dev/portlibs/ppu/lib\libtiny3d.a(realityVP.o)
                0x000000000001c690                .rsxtiny_VertexProgramGetInputMask
 *fill*         0x000000000001c6a4        0x4 60000000
 .text.rsxtiny_VertexProgramGetOutputMask
                0x000000000001c6a8       0x14 c:/PSDK3v2/ps3dev/portlibs/ppu/lib\libtiny3d.a(realityVP.o)
                0x000000000001c6a8                .rsxtiny_VertexProgramGetOutputMask
 *fill*         0x000000000001c6bc        0x4 60000000
 .text.rsxtiny_VertexProgramGetAttributes
                0x000000000001c6c0       0x18 c:/PSDK3v2/ps3dev/portlibs/ppu/lib\libtiny3d.a(realityVP.o)
                0x000000000001c6c0                .rsxtiny_VertexProgramGetAttributes
 .text.rsxtiny_VertexProgramGetInputAttribute
                0x000000000001c6d8       0xe4 c:/PSDK3v2/ps3dev/portlibs/ppu/lib\libtiny3d.a(realityVP.o)
                0x000000000001c6d8                .rsxtiny_VertexProgramGetInputAttribute
 *fill*         0x000000000001c7bc        0x4 60000000
 .text.rsxtiny_VertexProgramGetConstants
                0x000000000001c7c0       0x18 c:/PSDK3v2/ps3dev/portlibs/ppu/lib\libtiny3d.a(realityVP.o)
                0x000000000001c7c0                .rsxtiny_VertexProgramGetConstants
 .text.rsxtiny_VertexProgramGetConstant
                0x000000000001c7d8       0xe4 c:/PSDK3v2/ps3dev/portlibs/ppu/lib\libtiny3d.a(realityVP.o)
                0x000000000001c7d8                .rsxtiny_VertexProgramGetConstant
 .text          0x000000000001c8bc        0x0 c:/PSDK3v2/ps3dev/portlibs/ppu/lib\libtiny3d.a(rsxutil.o)
 *fill*         0x000000000001c8bc        0x4 60000000
 .text.waitFlip
                0x000000000001c8c0       0xcc c:/PSDK3v2/ps3dev/portlibs/ppu/lib\libtiny3d.a(rsxutil.o)
                0x000000000001c8c0                .waitFlip
 *fill*         0x000000000001c98c        0x4 60000000
 .text.flip     0x000000000001c990       0x5c c:/PSDK3v2/ps3dev/portlibs/ppu/lib\libtiny3d.a(rsxutil.o)
                0x000000000001c990                .flip
 *fill*         0x000000000001c9ec        0x4 60000000
 .text.init_screen
                0x000000000001c9f0      0x364 c:/PSDK3v2/ps3dev/portlibs/ppu/lib\libtiny3d.a(rsxutil.o)
                0x000000000001c9f0                .init_screen
 *fill*         0x000000000001cd54        0x4 60000000
 .text.setupRenderTarget
                0x000000000001cd58      0x108 c:/PSDK3v2/ps3dev/portlibs/ppu/lib\libtiny3d.a(rsxutil.o)
                0x000000000001cd58                .setupRenderTarget
 .text.setupRenderTarget2
                0x000000000001ce60      0x13c c:/PSDK3v2/ps3dev/portlibs/ppu/lib\libtiny3d.a(rsxutil.o)
                0x000000000001ce60                .setupRenderTarget2
 .text          0x000000000001cf9c        0x0 c:/PSDK3v2/ps3dev/portlibs/ppu/lib\libtiny3d.a(buffer.o)
 *fill*         0x000000000001cf9c        0x4 60000000
 .text.tiny_rsxContextCallback
                0x000000000001cfa0       0x50 c:/PSDK3v2/ps3dev/portlibs/ppu/lib\libtiny3d.a(buffer.o)
                0x000000000001cfa0                .tiny_rsxContextCallback
 .text.commandBufferPut
                0x000000000001cff0       0x20 c:/PSDK3v2/ps3dev/portlibs/ppu/lib\libtiny3d.a(buffer.o)
                0x000000000001cff0                .commandBufferPut
 .text          0x000000000001d010        0x0 c:/PSDK3v2/psl1ght/ppu/lib\libgcm_sys.a(sprx.o)
 .text          0x000000000001d010        0x0 c:/PSDK3v2/psl1ght/ppu/lib\libio.a(sprx.o)
 .text          0x000000000001d010        0x0 c:/PSDK3v2/psl1ght/ppu/lib\libsysutil.a(sprx.o)
 .text          0x000000000001d010        0x0 c:/PSDK3v2/psl1ght/ppu/lib\libsysutil.a(sysutil_wrapper.o)
 .text.sysUtilRegisterCallback
                0x000000000001d010       0x34 c:/PSDK3v2/psl1ght/ppu/lib\libsysutil.a(sysutil_wrapper.o)
                0x000000000001d010                .sysUtilRegisterCallback
 *fill*         0x000000000001d044        0x4 60000000
 .text.msgDialogOpen
                0x000000000001d048       0x34 c:/PSDK3v2/psl1ght/ppu/lib\libsysutil.a(sysutil_wrapper.o)
                0x000000000001d048                .msgDialogOpen
 *fill*         0x000000000001d07c        0x4 60000000
 .text.msgDialogOpen2
                0x000000000001d080       0x34 c:/PSDK3v2/psl1ght/ppu/lib\libsysutil.a(sysutil_wrapper.o)
                0x000000000001d080                .msgDialogOpen2
 *fill*         0x000000000001d0b4        0x4 60000000
 .text.msgDialogOpenErrorCode
                0x000000000001d0b8       0x34 c:/PSDK3v2/psl1ght/ppu/lib\libsysutil.a(sysutil_wrapper.o)
                0x000000000001d0b8                .msgDialogOpenErrorCode
 *fill*         0x000000000001d0ec        0x4 60000000
 .text.sysSaveListLoad2
                0x000000000001d0f0       0x3c c:/PSDK3v2/psl1ght/ppu/lib\libsysutil.a(sysutil_wrapper.o)
                0x000000000001d0f0                .sysSaveListLoad2
 *fill*         0x000000000001d12c        0x4 60000000
 .text.sysSaveListSave2
                0x000000000001d130       0x3c c:/PSDK3v2/psl1ght/ppu/lib\libsysutil.a(sysutil_wrapper.o)
                0x000000000001d130                .sysSaveListSave2
 *fill*         0x000000000001d16c        0x4 60000000
 .text.sysSaveListAutoLoad
                0x000000000001d170       0x44 c:/PSDK3v2/psl1ght/ppu/lib\libsysutil.a(sysutil_wrapper.o)
                0x000000000001d170                .sysSaveListAutoLoad
 *fill*         0x000000000001d1b4        0x4 60000000
 .text.sysSaveListAutoSave
                0x000000000001d1b8       0x44 c:/PSDK3v2/psl1ght/ppu/lib\libsysutil.a(sysutil_wrapper.o)
                0x000000000001d1b8                .sysSaveListAutoSave
 *fill*         0x000000000001d1fc        0x4 60000000
 .text.sysSaveFixedLoad2
                0x000000000001d200       0x3c c:/PSDK3v2/psl1ght/ppu/lib\libsysutil.a(sysutil_wrapper.o)
                0x000000000001d200                .sysSaveFixedLoad2
 *fill*         0x000000000001d23c        0x4 60000000
 .text.sysSaveFixedSave2
                0x000000000001d240       0x3c c:/PSDK3v2/psl1ght/ppu/lib\libsysutil.a(sysutil_wrapper.o)
                0x000000000001d240                .sysSaveFixedSave2
 *fill*         0x000000000001d27c        0x4 60000000
 .text.sysSaveAutoLoad2
                0x000000000001d280       0x38 c:/PSDK3v2/psl1ght/ppu/lib\libsysutil.a(sysutil_wrapper.o)
                0x000000000001d280                .sysSaveAutoLoad2
 .text.sysSaveAutoSave2
                0x000000000001d2b8       0x38 c:/PSDK3v2/psl1ght/ppu/lib\libsysutil.a(sysutil_wrapper.o)
                0x000000000001d2b8                .sysSaveAutoSave2
 .text.sysGameThemeInstallFromBuffer
                0x000000000001d2f0       0x34 c:/PSDK3v2/psl1ght/ppu/lib\libsysutil.a(sysutil_wrapper.o)
                0x000000000001d2f0                .sysGameThemeInstallFromBuffer
 *fill*         0x000000000001d324        0x4 60000000
 .text.sysGameDiscRegisterDiscChangeCallback
                0x000000000001d328       0x38 c:/PSDK3v2/psl1ght/ppu/lib\libsysutil.a(sysutil_wrapper.o)
                0x000000000001d328                .sysGameDiscRegisterDiscChangeCallback
 .text.sysDiscRegisterDiscChangeCallback
                0x000000000001d360       0x38 c:/PSDK3v2/psl1ght/ppu/lib\libsysutil.a(sysutil_wrapper.o)
                0x000000000001d360                .sysDiscRegisterDiscChangeCallback
 .text          0x000000000001d398        0x0 c:/PSDK3v2/psl1ght/ppu/lib\librt.a(sbrk.o)
 .text.sbrk_init
                0x000000000001d398       0xc4 c:/PSDK3v2/psl1ght/ppu/lib\librt.a(sbrk.o)
 *fill*         0x000000000001d45c        0x4 60000000
 .text.sbrk_deinit
                0x000000000001d460       0xbc c:/PSDK3v2/psl1ght/ppu/lib\librt.a(sbrk.o)
 *fill*         0x000000000001d51c        0x4 60000000
 .text.__librt_sbrk_r
                0x000000000001d520      0x324 c:/PSDK3v2/psl1ght/ppu/lib\librt.a(sbrk.o)
                0x000000000001d520                .__librt_sbrk_r
 .text          0x000000000001d844        0x0 c:/PSDK3v2/psl1ght/ppu/lib\librt.a(exit.o)
 *fill*         0x000000000001d844        0x4 60000000
 .text.__librt_exit
                0x000000000001d848       0x30 c:/PSDK3v2/psl1ght/ppu/lib\librt.a(exit.o)
                0x000000000001d848                .__librt_exit
 .text          0x000000000001d878        0x0 c:/PSDK3v2/psl1ght/ppu/lib\librt.a(close.o)
 .text.__librt_close_r
                0x000000000001d878       0x8c c:/PSDK3v2/psl1ght/ppu/lib\librt.a(close.o)
                0x000000000001d878                .__librt_close_r
 .text          0x000000000001d904        0x0 c:/PSDK3v2/psl1ght/ppu/lib\librt.a(lseek.o)
 *fill*         0x000000000001d904        0x4 60000000
 .text.__librt_lseek_r
                0x000000000001d908       0x8c c:/PSDK3v2/psl1ght/ppu/lib\librt.a(lseek.o)
                0x000000000001d908                .__librt_lseek_r
 *fill*         0x000000000001d994        0x4 60000000
 .text.__librt_lseek64_r
                0x000000000001d998       0x8c c:/PSDK3v2/psl1ght/ppu/lib\librt.a(lseek.o)
                0x000000000001d998                .__librt_lseek64_r
 .text          0x000000000001da24        0x0 c:/PSDK3v2/psl1ght/ppu/lib\librt.a(read.o)
 *fill*         0x000000000001da24        0x4 60000000
 .text.__librt_read_r
                0x000000000001da28      0x11c c:/PSDK3v2/psl1ght/ppu/lib\librt.a(read.o)
                0x000000000001da28                .__librt_read_r
 .text          0x000000000001db44        0x0 c:/PSDK3v2/psl1ght/ppu/lib\librt.a(open.o)
 *fill*         0x000000000001db44        0x4 60000000
 .text.__librt_open_r
                0x000000000001db48      0x180 c:/PSDK3v2/psl1ght/ppu/lib\librt.a(open.o)
                0x000000000001db48                .__librt_open_r
 .text          0x000000000001dcc8        0x0 c:/PSDK3v2/psl1ght/ppu/lib\librt.a(sleep.o)
 .text.__librt_usleep_r
                0x000000000001dcc8       0x50 c:/PSDK3v2/psl1ght/ppu/lib\librt.a(sleep.o)
                0x000000000001dcc8                .__librt_usleep_r
 .text.__librt_sleep_r
                0x000000000001dd18       0x8c c:/PSDK3v2/psl1ght/ppu/lib\librt.a(sleep.o)
                0x000000000001dd18                .__librt_sleep_r
 .text          0x000000000001dda4        0x0 c:/PSDK3v2/psl1ght/ppu/lib\librt.a(write.o)
 *fill*         0x000000000001dda4        0x4 60000000
 .text.__librt_write_r
                0x000000000001dda8      0x11c c:/PSDK3v2/psl1ght/ppu/lib\librt.a(write.o)
                0x000000000001dda8                .__librt_write_r
 .text          0x000000000001dec4        0x0 c:/PSDK3v2/psl1ght/ppu/lib\librt.a(fstat.o)
 *fill*         0x000000000001dec4        0x4 60000000
 .text.__librt_fstat_r
                0x000000000001dec8       0xd0 c:/PSDK3v2/psl1ght/ppu/lib\librt.a(fstat.o)
                0x000000000001dec8                .__librt_fstat_r
 .text.__librt_fstat64_r
                0x000000000001df98       0xd0 c:/PSDK3v2/psl1ght/ppu/lib\librt.a(fstat.o)
                0x000000000001df98                .__librt_fstat64_r
 .text.__librt_stat_r
                0x000000000001e068       0xd0 c:/PSDK3v2/psl1ght/ppu/lib\librt.a(fstat.o)
                0x000000000001e068                .__librt_stat_r
 .text.__librt_stat64_r
                0x000000000001e138       0xd0 c:/PSDK3v2/psl1ght/ppu/lib\librt.a(fstat.o)
                0x000000000001e138                .__librt_stat64_r
 .text          0x000000000001e208        0x0 c:/PSDK3v2/psl1ght/ppu/lib\librt.a(socket.o)
 .text.accept   0x000000000001e208       0xa0 c:/PSDK3v2/psl1ght/ppu/lib\librt.a(socket.o)
                0x000000000001e208                .accept
 .text.bind     0x000000000001e2a8       0x48 c:/PSDK3v2/psl1ght/ppu/lib\librt.a(socket.o)
                0x000000000001e2a8                .bind
 .text.connect  0x000000000001e2f0       0x48 c:/PSDK3v2/psl1ght/ppu/lib\librt.a(socket.o)
                0x000000000001e2f0                .connect
 .text.listen   0x000000000001e338       0x48 c:/PSDK3v2/psl1ght/ppu/lib\librt.a(socket.o)
                0x000000000001e338                .listen
 .text.socket   0x000000000001e380       0x54 c:/PSDK3v2/psl1ght/ppu/lib\librt.a(socket.o)
                0x000000000001e380                .socket
 *fill*         0x000000000001e3d4        0x4 60000000
 .text.send     0x000000000001e3d8       0x50 c:/PSDK3v2/psl1ght/ppu/lib\librt.a(socket.o)
                0x000000000001e3d8                .send
 .text.sendto   0x000000000001e428       0x48 c:/PSDK3v2/psl1ght/ppu/lib\librt.a(socket.o)
                0x000000000001e428                .sendto
 .text.recv     0x000000000001e470       0x50 c:/PSDK3v2/psl1ght/ppu/lib\librt.a(socket.o)
                0x000000000001e470                .recv
 .text.recvfrom
                0x000000000001e4c0       0x98 c:/PSDK3v2/psl1ght/ppu/lib\librt.a(socket.o)
                0x000000000001e4c0                .recvfrom
 .text.shutdown
                0x000000000001e558       0x48 c:/PSDK3v2/psl1ght/ppu/lib\librt.a(socket.o)
                0x000000000001e558                .shutdown
 .text.inet_aton
                0x000000000001e5a0       0xb8 c:/PSDK3v2/psl1ght/ppu/lib\librt.a(socket.o)
                0x000000000001e5a0                .inet_aton
 .text.inet_pton
                0x000000000001e658       0x54 c:/PSDK3v2/psl1ght/ppu/lib\librt.a(socket.o)
                0x000000000001e658                .inet_pton
 *fill*         0x000000000001e6ac        0x4 60000000
 .text.select   0x000000000001e6b0       0x3c c:/PSDK3v2/psl1ght/ppu/lib\librt.a(socket.o)
                0x000000000001e6b0                .select
 *fill*         0x000000000001e6ec        0x4 60000000
 .text.closesocket
                0x000000000001e6f0       0x48 c:/PSDK3v2/psl1ght/ppu/lib\librt.a(socket.o)
                0x000000000001e6f0                .closesocket
 .text          0x000000000001e738        0x0 c:/PSDK3v2/psl1ght/ppu/lib\librt.a(lock.o)
 .text.__librt_sys_lwmutex_create_r
                0x000000000001e738       0x38 c:/PSDK3v2/psl1ght/ppu/lib\librt.a(lock.o)
                0x000000000001e738                .__librt_sys_lwmutex_create_r
 .text.__librt_sys_lwmutex_destroy_r
                0x000000000001e770       0x34 c:/PSDK3v2/psl1ght/ppu/lib\librt.a(lock.o)
                0x000000000001e770                .__librt_sys_lwmutex_destroy_r
 *fill*         0x000000000001e7a4        0x4 60000000
 .text.__librt_sys_lwmutex_lock_r
                0x000000000001e7a8       0x38 c:/PSDK3v2/psl1ght/ppu/lib\librt.a(lock.o)
                0x000000000001e7a8                .__librt_sys_lwmutex_lock_r
 .text.__librt_sys_lwmutex_trylock_r
                0x000000000001e7e0       0x34 c:/PSDK3v2/psl1ght/ppu/lib\librt.a(lock.o)
                0x000000000001e7e0                .__librt_sys_lwmutex_trylock_r
 *fill*         0x000000000001e814        0x4 60000000
 .text.__librt_sys_lwmutex_unlock_r
                0x000000000001e818       0x34 c:/PSDK3v2/psl1ght/ppu/lib\librt.a(lock.o)
                0x000000000001e818                .__librt_sys_lwmutex_unlock_r
 .text          0x000000000001e84c        0x0 c:/PSDK3v2/psl1ght/ppu/lib\librt.a(dirent.o)
 *fill*         0x000000000001e84c        0x4 60000000
 .text.readdir_i
                0x000000000001e850      0x10c c:/PSDK3v2/psl1ght/ppu/lib\librt.a(dirent.o)
 *fill*         0x000000000001e95c        0x4 60000000
 .text.__librt_opendir_r
                0x000000000001e960      0x144 c:/PSDK3v2/psl1ght/ppu/lib\librt.a(dirent.o)
                0x000000000001e960                .__librt_opendir_r
 *fill*         0x000000000001eaa4        0x4 60000000
 .text.__librt_readdir_r
                0x000000000001eaa8       0x80 c:/PSDK3v2/psl1ght/ppu/lib\librt.a(dirent.o)
                0x000000000001eaa8                .__librt_readdir_r
 .text.__librt_readdir_r_r
                0x000000000001eb28       0x54 c:/PSDK3v2/psl1ght/ppu/lib\librt.a(dirent.o)
                0x000000000001eb28                .__librt_readdir_r_r
 *fill*         0x000000000001eb7c        0x4 60000000
 .text.__librt_closedir_r
                0x000000000001eb80       0x84 c:/PSDK3v2/psl1ght/ppu/lib\librt.a(dirent.o)
                0x000000000001eb80                .__librt_closedir_r
 *fill*         0x000000000001ec04        0x4 60000000
 .text.__librt_telldir_r
                0x000000000001ec08       0x24 c:/PSDK3v2/psl1ght/ppu/lib\librt.a(dirent.o)
                0x000000000001ec08                .__librt_telldir_r
 *fill*         0x000000000001ec2c        0x4 60000000
 .text.__librt_rewinddir_r
                0x000000000001ec30       0x18 c:/PSDK3v2/psl1ght/ppu/lib\librt.a(dirent.o)
                0x000000000001ec30                .__librt_rewinddir_r
 .text.__librt_seekdir_r
                0x000000000001ec48       0x18 c:/PSDK3v2/psl1ght/ppu/lib\librt.a(dirent.o)
                0x000000000001ec48                .__librt_seekdir_r
 .text          0x000000000001ec60        0x0 c:/PSDK3v2/psl1ght/ppu/lib\librt.a(mkdir.o)
 .text.__librt_mkdir_r
                0x000000000001ec60       0x60 c:/PSDK3v2/psl1ght/ppu/lib\librt.a(mkdir.o)
                0x000000000001ec60                .__librt_mkdir_r
 .text          0x000000000001ecc0        0x0 c:/PSDK3v2/psl1ght/ppu/lib\librt.a(times.o)
 .text.__librt_times_r
                0x000000000001ecc0       0x1c c:/PSDK3v2/psl1ght/ppu/lib\librt.a(times.o)
                0x000000000001ecc0                .__librt_times_r
 .text          0x000000000001ecdc        0x0 c:/PSDK3v2/psl1ght/ppu/lib\librt.a(umask.o)
 *fill*         0x000000000001ecdc        0x4 60000000
 .text.__librt_umask_r
                0x000000000001ece0       0x20 c:/PSDK3v2/psl1ght/ppu/lib\librt.a(umask.o)
                0x000000000001ece0                .__librt_umask_r
 .text          0x000000000001ed00        0x0 c:/PSDK3v2/psl1ght/ppu/lib\librt.a(lv2errno.o)
 .text.lv2error
                0x000000000001ed00      0x3dc c:/PSDK3v2/psl1ght/ppu/lib\librt.a(lv2errno.o)
                0x000000000001ed00                .lv2error
 *fill*         0x000000000001f0dc        0x4 60000000
 .text.lv2errno
                0x000000000001f0e0       0x68 c:/PSDK3v2/psl1ght/ppu/lib\librt.a(lv2errno.o)
                0x000000000001f0e0                .lv2errno
 .text.lv2errno_r
                0x000000000001f148       0x58 c:/PSDK3v2/psl1ght/ppu/lib\librt.a(lv2errno.o)
                0x000000000001f148                .lv2errno_r
 .text          0x000000000001f1a0        0x0 c:/PSDK3v2/psl1ght/ppu/lib\librt.a(heap.o)
 .text.heapInit
                0x000000000001f1a0       0xe8 c:/PSDK3v2/psl1ght/ppu/lib\librt.a(heap.o)
                0x000000000001f1a0                .heapInit
 .text.heapAllocate
                0x000000000001f288      0x174 c:/PSDK3v2/psl1ght/ppu/lib\librt.a(heap.o)
                0x000000000001f288                .heapAllocate
 *fill*         0x000000000001f3fc        0x4 60000000
 .text.heapAllocateAligned
                0x000000000001f400      0x224 c:/PSDK3v2/psl1ght/ppu/lib\librt.a(heap.o)
                0x000000000001f400                .heapAllocateAligned
 *fill*         0x000000000001f624        0x4 60000000
 .text.heapFree
                0x000000000001f628      0x224 c:/PSDK3v2/psl1ght/ppu/lib\librt.a(heap.o)
                0x000000000001f628                .heapFree
 .text          0x000000000001f84c        0x0 c:/PSDK3v2/psl1ght/ppu/lib\librt.a(chmod.o)
 *fill*         0x000000000001f84c        0x4 60000000
 .text.__librt_chmod_r
                0x000000000001f850       0x54 c:/PSDK3v2/psl1ght/ppu/lib\librt.a(chmod.o)
                0x000000000001f850                .__librt_chmod_r
 .text          0x000000000001f8a4        0x0 c:/PSDK3v2/psl1ght/ppu/lib\librt.a(rmdir.o)
 *fill*         0x000000000001f8a4        0x4 60000000
 .text.__librt_rmdir_r
                0x000000000001f8a8       0x50 c:/PSDK3v2/psl1ght/ppu/lib\librt.a(rmdir.o)
                0x000000000001f8a8                .__librt_rmdir_r
 .text          0x000000000001f8f8        0x0 c:/PSDK3v2/psl1ght/ppu/lib\librt.a(isatty.o)
 .text.__librt_isatty_r
                0x000000000001f8f8       0x2c c:/PSDK3v2/psl1ght/ppu/lib\librt.a(isatty.o)
                0x000000000001f8f8                .__librt_isatty_r
 .text          0x000000000001f924        0x0 c:/PSDK3v2/psl1ght/ppu/lib\librt.a(gettod.o)
 *fill*         0x000000000001f924        0x4 60000000
 .text.__librt_gettod_r
                0x000000000001f928       0xb8 c:/PSDK3v2/psl1ght/ppu/lib\librt.a(gettod.o)
                0x000000000001f928                .__librt_gettod_r
 .text          0x000000000001f9e0        0x0 c:/PSDK3v2/psl1ght/ppu/lib\librt.a(settod.o)
 .text.__librt_settod_r
                0x000000000001f9e0       0x58 c:/PSDK3v2/psl1ght/ppu/lib\librt.a(settod.o)
                0x000000000001f9e0                .__librt_settod_r
 .text          0x000000000001fa38        0x0 c:/PSDK3v2/psl1ght/ppu/lib\liblv2.a(sprx.o)
 .text          0x000000000001fa38        0x0 c:/PSDK3v2/psl1ght/ppu/lib\libsysmodule.a(sprx.o)
 .text          0x000000000001fa38        0x0 c:/psdk3v2/ps3dev/ppu/bin/../lib/gcc/powerpc64-ps3-elf/4.5.2/../../../../powerpc64-ps3-elf/lib\libm.a(lib_a-s_sqrt.o)
 .text.sqrt     0x000000000001fa38      0x1b0 c:/psdk3v2/ps3dev/ppu/bin/../lib/gcc/powerpc64-ps3-elf/4.5.2/../../../../powerpc64-ps3-elf/lib\libm.a(lib_a-s_sqrt.o)
                0x000000000001fa38                .sqrt
 .text          0x000000000001fbe8        0x0 c:/psdk3v2/ps3dev/ppu/bin/../lib/gcc/powerpc64-ps3-elf/4.5.2/../../../../powerpc64-ps3-elf/lib\libm.a(lib_a-sf_cos.o)
 .text.cosf     0x000000000001fbe8       0x34 c:/psdk3v2/ps3dev/ppu/bin/../lib/gcc/powerpc64-ps3-elf/4.5.2/../../../../powerpc64-ps3-elf/lib\libm.a(lib_a-sf_cos.o)
                0x000000000001fbe8                .cosf
 .text          0x000000000001fc1c        0x0 c:/psdk3v2/ps3dev/ppu/bin/../lib/gcc/powerpc64-ps3-elf/4.5.2/../../../../powerpc64-ps3-elf/lib\libm.a(lib_a-sf_sin.o)
 *fill*         0x000000000001fc1c        0x4 60000000
 .text.sinf     0x000000000001fc20       0x34 c:/psdk3v2/ps3dev/ppu/bin/../lib/gcc/powerpc64-ps3-elf/4.5.2/../../../../powerpc64-ps3-elf/lib\libm.a(lib_a-sf_sin.o)
                0x000000000001fc20                .sinf
 .text          0x000000000001fc54        0x0 c:/psdk3v2/ps3dev/ppu/bin/../lib/gcc/powerpc64-ps3-elf/4.5.2/../../../../powerpc64-ps3-elf/lib\libm.a(lib_a-sf_sine.o)
 *fill*         0x000000000001fc54        0x4 60000000
 .text.sinef    0x000000000001fc58      0x2d0 c:/psdk3v2/ps3dev/ppu/bin/../lib/gcc/powerpc64-ps3-elf/4.5.2/../../../../powerpc64-ps3-elf/lib\libm.a(lib_a-sf_sine.o)
                0x000000000001fc58                .sinef
 .text          0x000000000001ff28        0x0 c:/psdk3v2/ps3dev/ppu/bin/../lib/gcc/powerpc64-ps3-elf/4.5.2/../../../../powerpc64-ps3-elf/lib\libm.a(lib_a-sf_sqrt.o)
 .text.sqrtf    0x000000000001ff28      0x1c8 c:/psdk3v2/ps3dev/ppu/bin/../lib/gcc/powerpc64-ps3-elf/4.5.2/../../../../powerpc64-ps3-elf/lib\libm.a(lib_a-sf_sqrt.o)
                0x000000000001ff28                .sqrtf
 .text          0x00000000000200f0        0x0 c:/psdk3v2/ps3dev/ppu/bin/../lib/gcc/powerpc64-ps3-elf/4.5.2/../../../../powerpc64-ps3-elf/lib\libm.a(lib_a-sf_tan.o)
 .text.tanf     0x00000000000200f0      0x23c c:/psdk3v2/ps3dev/ppu/bin/../lib/gcc/powerpc64-ps3-elf/4.5.2/../../../../powerpc64-ps3-elf/lib\libm.a(lib_a-sf_tan.o)
                0x00000000000200f0                .tanf
 .text          0x000000000002032c        0x0 c:/psdk3v2/ps3dev/ppu/bin/../lib/gcc/powerpc64-ps3-elf/4.5.2/../../../../powerpc64-ps3-elf/lib\libm.a(lib_a-s_frexp.o)
 *fill*         0x000000000002032c        0x4 60000000
 .text.frexp    0x0000000000020330       0xd0 c:/psdk3v2/ps3dev/ppu/bin/../lib/gcc/powerpc64-ps3-elf/4.5.2/../../../../powerpc64-ps3-elf/lib\libm.a(lib_a-s_frexp.o)
                0x0000000000020330                .frexp
 .text          0x0000000000020400        0x0 c:/psdk3v2/ps3dev/ppu/bin/../lib/gcc/powerpc64-ps3-elf/4.5.2/../../../../powerpc64-ps3-elf/lib\libm.a(lib_a-s_ispos.o)
 .text.ispos    0x0000000000020400       0x28 c:/psdk3v2/ps3dev/ppu/bin/../lib/gcc/powerpc64-ps3-elf/4.5.2/../../../../powerpc64-ps3-elf/lib\libm.a(lib_a-s_ispos.o)
                0x0000000000020400                .ispos
 .text          0x0000000000020428        0x0 c:/psdk3v2/ps3dev/ppu/bin/../lib/gcc/powerpc64-ps3-elf/4.5.2/../../../../powerpc64-ps3-elf/lib\libm.a(lib_a-s_ldexp.o)
 .text.ldexp    0x0000000000020428      0x17c c:/psdk3v2/ps3dev/ppu/bin/../lib/gcc/powerpc64-ps3-elf/4.5.2/../../../../powerpc64-ps3-elf/lib\libm.a(lib_a-s_ldexp.o)
                0x0000000000020428                .ldexp
 .text          0x00000000000205a4        0x0 c:/psdk3v2/ps3dev/ppu/bin/../lib/gcc/powerpc64-ps3-elf/4.5.2/../../../../powerpc64-ps3-elf/lib\libm.a(lib_a-s_mathcnst.o)
 .text          0x00000000000205a4        0x0 c:/psdk3v2/ps3dev/ppu/bin/../lib/gcc/powerpc64-ps3-elf/4.5.2/../../../../powerpc64-ps3-elf/lib\libm.a(lib_a-s_numtest.o)
 *fill*         0x00000000000205a4        0x4 60000000
 .text.numtest  0x00000000000205a8       0x5c c:/psdk3v2/ps3dev/ppu/bin/../lib/gcc/powerpc64-ps3-elf/4.5.2/../../../../powerpc64-ps3-elf/lib\libm.a(lib_a-s_numtest.o)
                0x00000000000205a8                .numtest
 .text          0x0000000000020604        0x0 c:/psdk3v2/ps3dev/ppu/bin/../lib/gcc/powerpc64-ps3-elf/4.5.2/../../../../powerpc64-ps3-elf/lib\libm.a(lib_a-sf_fabs.o)
 *fill*         0x0000000000020604        0x4 60000000
 .text.fabsf    0x0000000000020608       0xe4 c:/psdk3v2/ps3dev/ppu/bin/../lib/gcc/powerpc64-ps3-elf/4.5.2/../../../../powerpc64-ps3-elf/lib\libm.a(lib_a-sf_fabs.o)
                0x0000000000020608                .fabsf
 .text          0x00000000000206ec        0x0 c:/psdk3v2/ps3dev/ppu/bin/../lib/gcc/powerpc64-ps3-elf/4.5.2/../../../../powerpc64-ps3-elf/lib\libm.a(lib_a-sf_frexp.o)
 *fill*         0x00000000000206ec        0x4 60000000
 .text.frexpf   0x00000000000206f0       0xac c:/psdk3v2/ps3dev/ppu/bin/../lib/gcc/powerpc64-ps3-elf/4.5.2/../../../../powerpc64-ps3-elf/lib\libm.a(lib_a-sf_frexp.o)
                0x00000000000206f0                .frexpf
 .text          0x000000000002079c        0x0 c:/psdk3v2/ps3dev/ppu/bin/../lib/gcc/powerpc64-ps3-elf/4.5.2/../../../../powerpc64-ps3-elf/lib\libm.a(lib_a-sf_ispos.o)
 *fill*         0x000000000002079c        0x4 60000000
 .text.isposf   0x00000000000207a0       0x24 c:/psdk3v2/ps3dev/ppu/bin/../lib/gcc/powerpc64-ps3-elf/4.5.2/../../../../powerpc64-ps3-elf/lib\libm.a(lib_a-sf_ispos.o)
                0x00000000000207a0                .isposf
 .text          0x00000000000207c4        0x0 c:/psdk3v2/ps3dev/ppu/bin/../lib/gcc/powerpc64-ps3-elf/4.5.2/../../../../powerpc64-ps3-elf/lib\libm.a(lib_a-sf_ldexp.o)
 *fill*         0x00000000000207c4        0x4 60000000
 .text.ldexpf   0x00000000000207c8      0x190 c:/psdk3v2/ps3dev/ppu/bin/../lib/gcc/powerpc64-ps3-elf/4.5.2/../../../../powerpc64-ps3-elf/lib\libm.a(lib_a-sf_ldexp.o)
                0x00000000000207c8                .ldexpf
 .text          0x0000000000020958        0x0 c:/psdk3v2/ps3dev/ppu/bin/../lib/gcc/powerpc64-ps3-elf/4.5.2/../../../../powerpc64-ps3-elf/lib\libm.a(lib_a-sf_numtest.o)
 .text.numtestf
                0x0000000000020958       0x30 c:/psdk3v2/ps3dev/ppu/bin/../lib/gcc/powerpc64-ps3-elf/4.5.2/../../../../powerpc64-ps3-elf/lib\libm.a(lib_a-sf_numtest.o)
                0x0000000000020958                .numtestf
 .text          0x0000000000020988        0x0 c:/psdk3v2/ps3dev/ppu/bin/../lib/gcc/powerpc64-ps3-elf/4.5.2/../../../../powerpc64-ps3-elf/lib\libsysbase.a(syscalls.o)
 .text          0x0000000000020988        0x0 c:/psdk3v2/ps3dev/ppu/bin/../lib/gcc/powerpc64-ps3-elf/4.5.2/../../../../powerpc64-ps3-elf/lib\libsysbase.a(sleep.o)
 .text.usleep   0x0000000000020988       0x84 c:/psdk3v2/ps3dev/ppu/bin/../lib/gcc/powerpc64-ps3-elf/4.5.2/../../../../powerpc64-ps3-elf/lib\libsysbase.a(sleep.o)
                0x0000000000020988                .usleep
 *fill*         0x0000000000020a0c        0x4 60000000
 .text.sleep    0x0000000000020a10       0x98 c:/psdk3v2/ps3dev/ppu/bin/../lib/gcc/powerpc64-ps3-elf/4.5.2/../../../../powerpc64-ps3-elf/lib\libsysbase.a(sleep.o)
                0x0000000000020a10                .sleep
 .text          0x0000000000020aa8        0x0 c:/psdk3v2/ps3dev/ppu/bin/../lib/gcc/powerpc64-ps3-elf/4.5.2/../../../../powerpc64-ps3-elf/lib\libc.a(lib_a-atexit.o)
 .text.atexit   0x0000000000020aa8       0x40 c:/psdk3v2/ps3dev/ppu/bin/../lib/gcc/powerpc64-ps3-elf/4.5.2/../../../../powerpc64-ps3-elf/lib\libc.a(lib_a-atexit.o)
                0x0000000000020aa8                .atexit
 .text          0x0000000000020ae8        0x0 c:/psdk3v2/ps3dev/ppu/bin/../lib/gcc/powerpc64-ps3-elf/4.5.2/../../../../powerpc64-ps3-elf/lib\libc.a(lib_a-errno.o)
 .text.__errno  0x0000000000020ae8       0x30 c:/psdk3v2/ps3dev/ppu/bin/../lib/gcc/powerpc64-ps3-elf/4.5.2/../../../../powerpc64-ps3-elf/lib\libc.a(lib_a-errno.o)
                0x0000000000020ae8                .__errno
 .text          0x0000000000020b18        0x0 c:/psdk3v2/ps3dev/ppu/bin/../lib/gcc/powerpc64-ps3-elf/4.5.2/../../../../powerpc64-ps3-elf/lib\libc.a(lib_a-exit.o)
 .text.exit     0x0000000000020b18       0x68 c:/psdk3v2/ps3dev/ppu/bin/../lib/gcc/powerpc64-ps3-elf/4.5.2/../../../../powerpc64-ps3-elf/lib\libc.a(lib_a-exit.o)
                0x0000000000020b18                .exit
 .text          0x0000000000020b80        0x0 c:/psdk3v2/ps3dev/ppu/bin/../lib/gcc/powerpc64-ps3-elf/4.5.2/../../../../powerpc64-ps3-elf/lib\libc.a(lib_a-getreent.o)
 .text.__getreent
                0x0000000000020b80      0x1f0 c:/psdk3v2/ps3dev/ppu/bin/../lib/gcc/powerpc64-ps3-elf/4.5.2/../../../../powerpc64-ps3-elf/lib\libc.a(lib_a-getreent.o)
                0x0000000000020b80                .__getreent
 .text          0x0000000000020d70        0x0 c:/psdk3v2/ps3dev/ppu/bin/../lib/gcc/powerpc64-ps3-elf/4.5.2/../../../../powerpc64-ps3-elf/lib\libc.a(lib_a-impure.o)
 .text          0x0000000000020d70        0x0 c:/psdk3v2/ps3dev/ppu/bin/../lib/gcc/powerpc64-ps3-elf/4.5.2/../../../../powerpc64-ps3-elf/lib\libc.a(lib_a-malign.o)
 .text.memalign
                0x0000000000020d70       0x58 c:/psdk3v2/ps3dev/ppu/bin/../lib/gcc/powerpc64-ps3-elf/4.5.2/../../../../powerpc64-ps3-elf/lib\libc.a(lib_a-malign.o)
                0x0000000000020d70                .memalign
 .text          0x0000000000020dc8        0x0 c:/psdk3v2/ps3dev/ppu/bin/../lib/gcc/powerpc64-ps3-elf/4.5.2/../../../../powerpc64-ps3-elf/lib\libc.a(lib_a-malignr.o)
 .text._memalign_r
                0x0000000000020dc8      0x214 c:/psdk3v2/ps3dev/ppu/bin/../lib/gcc/powerpc64-ps3-elf/4.5.2/../../../../powerpc64-ps3-elf/lib\libc.a(lib_a-malignr.o)
                0x0000000000020dc8                ._memalign_r
 .text          0x0000000000020fdc        0x0 c:/psdk3v2/ps3dev/ppu/bin/../lib/gcc/powerpc64-ps3-elf/4.5.2/../../../../powerpc64-ps3-elf/lib\libc.a(lib_a-malloc.o)
 *fill*         0x0000000000020fdc        0x4 60000000
 .text.malloc   0x0000000000020fe0       0x48 c:/psdk3v2/ps3dev/ppu/bin/../lib/gcc/powerpc64-ps3-elf/4.5.2/../../../../powerpc64-ps3-elf/lib\libc.a(lib_a-malloc.o)
                0x0000000000020fe0                .malloc
 .text.free     0x0000000000021028       0x48 c:/psdk3v2/ps3dev/ppu/bin/../lib/gcc/powerpc64-ps3-elf/4.5.2/../../../../powerpc64-ps3-elf/lib\libc.a(lib_a-malloc.o)
                0x0000000000021028                .free
 .text          0x0000000000021070        0x0 c:/psdk3v2/ps3dev/ppu/bin/../lib/gcc/powerpc64-ps3-elf/4.5.2/../../../../powerpc64-ps3-elf/lib\libc.a(lib_a-mallocr.o)
 .text._malloc_r
                0x0000000000021070      0x944 c:/psdk3v2/ps3dev/ppu/bin/../lib/gcc/powerpc64-ps3-elf/4.5.2/../../../../powerpc64-ps3-elf/lib\libc.a(lib_a-mallocr.o)
                0x0000000000021070                ._malloc_r
 .text          0x00000000000219b4        0x0 c:/psdk3v2/ps3dev/ppu/bin/../lib/gcc/powerpc64-ps3-elf/4.5.2/../../../../powerpc64-ps3-elf/lib\libc.a(lib_a-memcpy.o)
 *fill*         0x00000000000219b4        0x4 60000000
 .text.memcpy   0x00000000000219b8       0xf8 c:/psdk3v2/ps3dev/ppu/bin/../lib/gcc/powerpc64-ps3-elf/4.5.2/../../../../powerpc64-ps3-elf/lib\libc.a(lib_a-memcpy.o)
                0x00000000000219b8                .memcpy
 .text          0x0000000000021ab0        0x0 c:/psdk3v2/ps3dev/ppu/bin/../lib/gcc/powerpc64-ps3-elf/4.5.2/../../../../powerpc64-ps3-elf/lib\libc.a(lib_a-memset.o)
 .text.memset   0x0000000000021ab0      0x130 c:/psdk3v2/ps3dev/ppu/bin/../lib/gcc/powerpc64-ps3-elf/4.5.2/../../../../powerpc64-ps3-elf/lib\libc.a(lib_a-memset.o)
                0x0000000000021ab0                .memset
 .text          0x0000000000021be0        0x0 c:/psdk3v2/ps3dev/ppu/bin/../lib/gcc/powerpc64-ps3-elf/4.5.2/../../../../powerpc64-ps3-elf/lib\libc.a(lib_a-mlock.o)
 .text.__malloc_lock
                0x0000000000021be0       0x34 c:/psdk3v2/ps3dev/ppu/bin/../lib/gcc/powerpc64-ps3-elf/4.5.2/../../../../powerpc64-ps3-elf/lib\libc.a(lib_a-mlock.o)
                0x0000000000021be0                .__malloc_lock
 *fill*         0x0000000000021c14        0x4 60000000
 .text.__malloc_unlock
                0x0000000000021c18       0x34 c:/psdk3v2/ps3dev/ppu/bin/../lib/gcc/powerpc64-ps3-elf/4.5.2/../../../../powerpc64-ps3-elf/lib\libc.a(lib_a-mlock.o)
                0x0000000000021c18                .__malloc_unlock
 .text          0x0000000000021c4c        0x0 c:/psdk3v2/ps3dev/ppu/bin/../lib/gcc/powerpc64-ps3-elf/4.5.2/../../../../powerpc64-ps3-elf/lib\libc.a(lib_a-sscanf.o)
 *fill*         0x0000000000021c4c        0x4 60000000
 .text.sscanf   0x0000000000021c50       0xa8 c:/psdk3v2/ps3dev/ppu/bin/../lib/gcc/powerpc64-ps3-elf/4.5.2/../../../../powerpc64-ps3-elf/lib\libc.a(lib_a-sscanf.o)
                0x0000000000021c50                .sscanf
 .text._sscanf_r
                0x0000000000021cf8       0xa8 c:/psdk3v2/ps3dev/ppu/bin/../lib/gcc/powerpc64-ps3-elf/4.5.2/../../../../powerpc64-ps3-elf/lib\libc.a(lib_a-sscanf.o)
                0x0000000000021cf8                ._sscanf_r
 .text          0x0000000000021da0        0x0 c:/psdk3v2/ps3dev/ppu/bin/../lib/gcc/powerpc64-ps3-elf/4.5.2/../../../../powerpc64-ps3-elf/lib\libc.a(lib_a-stdio.o)
 .text.__sread  0x0000000000021da0       0x80 c:/psdk3v2/ps3dev/ppu/bin/../lib/gcc/powerpc64-ps3-elf/4.5.2/../../../../powerpc64-ps3-elf/lib\libc.a(lib_a-stdio.o)
                0x0000000000021da0                .__sread
 .text.__seofread
                0x0000000000021e20       0x14 c:/psdk3v2/ps3dev/ppu/bin/../lib/gcc/powerpc64-ps3-elf/4.5.2/../../../../powerpc64-ps3-elf/lib\libc.a(lib_a-stdio.o)
                0x0000000000021e20                .__seofread
 *fill*         0x0000000000021e34        0x4 60000000
 .text.__swrite
                0x0000000000021e38       0xbc c:/psdk3v2/ps3dev/ppu/bin/../lib/gcc/powerpc64-ps3-elf/4.5.2/../../../../powerpc64-ps3-elf/lib\libc.a(lib_a-stdio.o)
                0x0000000000021e38                .__swrite
 *fill*         0x0000000000021ef4        0x4 60000000
 .text.__sseek  0x0000000000021ef8       0x88 c:/psdk3v2/ps3dev/ppu/bin/../lib/gcc/powerpc64-ps3-elf/4.5.2/../../../../powerpc64-ps3-elf/lib\libc.a(lib_a-stdio.o)
                0x0000000000021ef8                .__sseek
 .text.__sclose
                0x0000000000021f80       0x3c c:/psdk3v2/ps3dev/ppu/bin/../lib/gcc/powerpc64-ps3-elf/4.5.2/../../../../powerpc64-ps3-elf/lib\libc.a(lib_a-stdio.o)
                0x0000000000021f80                .__sclose
 .text          0x0000000000021fbc        0x0 c:/psdk3v2/ps3dev/ppu/bin/../lib/gcc/powerpc64-ps3-elf/4.5.2/../../../../powerpc64-ps3-elf/lib\libc.a(lib_a-strcasecmp.o)
 *fill*         0x0000000000021fbc        0x4 60000000
 .text.strcasecmp
                0x0000000000021fc0       0xb8 c:/psdk3v2/ps3dev/ppu/bin/../lib/gcc/powerpc64-ps3-elf/4.5.2/../../../../powerpc64-ps3-elf/lib\libc.a(lib_a-strcasecmp.o)
                0x0000000000021fc0                .strcasecmp
 .text          0x0000000000022078        0x0 c:/psdk3v2/ps3dev/ppu/bin/../lib/gcc/powerpc64-ps3-elf/4.5.2/../../../../powerpc64-ps3-elf/lib\libc.a(lib_a-strlen.o)
 .text.strlen   0x0000000000022078       0xe4 c:/psdk3v2/ps3dev/ppu/bin/../lib/gcc/powerpc64-ps3-elf/4.5.2/../../../../powerpc64-ps3-elf/lib\libc.a(lib_a-strlen.o)
                0x0000000000022078                .strlen
 .text          0x000000000002215c        0x0 c:/psdk3v2/ps3dev/ppu/bin/../lib/gcc/powerpc64-ps3-elf/4.5.2/../../../../powerpc64-ps3-elf/lib\libc.a(lib_a-strncpy.o)
 *fill*         0x000000000002215c        0x4 60000000
 .text.strncpy  0x0000000000022160      0x100 c:/psdk3v2/ps3dev/ppu/bin/../lib/gcc/powerpc64-ps3-elf/4.5.2/../../../../powerpc64-ps3-elf/lib\libc.a(lib_a-strncpy.o)
                0x0000000000022160                .strncpy
 .text          0x0000000000022260        0x0 c:/psdk3v2/ps3dev/ppu/bin/../lib/gcc/powerpc64-ps3-elf/4.5.2/../../../../powerpc64-ps3-elf/lib\libc.a(lib_a-svfscanf.o)
 .text.__ssvfscanf_r
                0x0000000000022260     0x18d8 c:/psdk3v2/ps3dev/ppu/bin/../lib/gcc/powerpc64-ps3-elf/4.5.2/../../../../powerpc64-ps3-elf/lib\libc.a(lib_a-svfscanf.o)
                0x0000000000022260                .__ssvfscanf_r
 .text          0x0000000000023b38        0x0 c:/psdk3v2/ps3dev/ppu/bin/../lib/gcc/powerpc64-ps3-elf/4.5.2/../../../../powerpc64-ps3-elf/lib\libc.a(lib_a-vsprintf.o)
 .text._vsprintf_r
                0x0000000000023b38       0x6c c:/psdk3v2/ps3dev/ppu/bin/../lib/gcc/powerpc64-ps3-elf/4.5.2/../../../../powerpc64-ps3-elf/lib\libc.a(lib_a-vsprintf.o)
                0x0000000000023b38                ._vsprintf_r
 *fill*         0x0000000000023ba4        0x4 60000000
 .text.vsprintf
                0x0000000000023ba8       0x60 c:/psdk3v2/ps3dev/ppu/bin/../lib/gcc/powerpc64-ps3-elf/4.5.2/../../../../powerpc64-ps3-elf/lib\libc.a(lib_a-vsprintf.o)
                0x0000000000023ba8                .vsprintf
 .text          0x0000000000023c08        0x0 c:/psdk3v2/ps3dev/ppu/bin/../lib/gcc/powerpc64-ps3-elf/4.5.2/../../../../powerpc64-ps3-elf/lib\libc.a(lib_a-__atexit.o)
 .text.__register_exitproc
                0x0000000000023c08      0x188 c:/psdk3v2/ps3dev/ppu/bin/../lib/gcc/powerpc64-ps3-elf/4.5.2/../../../../powerpc64-ps3-elf/lib\libc.a(lib_a-__atexit.o)
                0x0000000000023c08                .__register_exitproc
 .text          0x0000000000023d90        0x0 c:/psdk3v2/ps3dev/ppu/bin/../lib/gcc/powerpc64-ps3-elf/4.5.2/../../../../powerpc64-ps3-elf/lib\libc.a(lib_a-__call_atexit.o)
 .text.__call_exitprocs
                0x0000000000023d90      0x250 c:/psdk3v2/ps3dev/ppu/bin/../lib/gcc/powerpc64-ps3-elf/4.5.2/../../../../powerpc64-ps3-elf/lib\libc.a(lib_a-__call_atexit.o)
                0x0000000000023d90                .__call_exitprocs
 .text          0x0000000000023fe0        0x0 c:/psdk3v2/ps3dev/ppu/bin/../lib/gcc/powerpc64-ps3-elf/4.5.2/../../../../powerpc64-ps3-elf/lib\libc.a(lib_a-ctype_.o)
 .text          0x0000000000023fe0        0x0 c:/psdk3v2/ps3dev/ppu/bin/../lib/gcc/powerpc64-ps3-elf/4.5.2/../../../../powerpc64-ps3-elf/lib\libc.a(lib_a-findfp.o)
 .text._cleanup_r
                0x0000000000023fe0       0x34 c:/psdk3v2/ps3dev/ppu/bin/../lib/gcc/powerpc64-ps3-elf/4.5.2/../../../../powerpc64-ps3-elf/lib\libc.a(lib_a-findfp.o)
                0x0000000000023fe0                ._cleanup_r
 *fill*         0x0000000000024014        0x4 60000000
 .text.__fp_unlock
                0x0000000000024018       0x48 c:/psdk3v2/ps3dev/ppu/bin/../lib/gcc/powerpc64-ps3-elf/4.5.2/../../../../powerpc64-ps3-elf/lib\libc.a(lib_a-findfp.o)
 .text.__fp_lock
                0x0000000000024060       0x48 c:/psdk3v2/ps3dev/ppu/bin/../lib/gcc/powerpc64-ps3-elf/4.5.2/../../../../powerpc64-ps3-elf/lib\libc.a(lib_a-findfp.o)
 .text.__sfmoreglue
                0x00000000000240a8       0x94 c:/psdk3v2/ps3dev/ppu/bin/../lib/gcc/powerpc64-ps3-elf/4.5.2/../../../../powerpc64-ps3-elf/lib\libc.a(lib_a-findfp.o)
                0x00000000000240a8                .__sfmoreglue
 *fill*         0x000000000002413c        0x4 60000000
 .text._cleanup
                0x0000000000024140       0x18 c:/psdk3v2/ps3dev/ppu/bin/../lib/gcc/powerpc64-ps3-elf/4.5.2/../../../../powerpc64-ps3-elf/lib\libc.a(lib_a-findfp.o)
                0x0000000000024140                ._cleanup
 .text.__sfp_lock_acquire
                0x0000000000024158       0x34 c:/psdk3v2/ps3dev/ppu/bin/../lib/gcc/powerpc64-ps3-elf/4.5.2/../../../../powerpc64-ps3-elf/lib\libc.a(lib_a-findfp.o)
                0x0000000000024158                .__sfp_lock_acquire
 *fill*         0x000000000002418c        0x4 60000000
 .text.__sfp_lock_release
                0x0000000000024190       0x34 c:/psdk3v2/ps3dev/ppu/bin/../lib/gcc/powerpc64-ps3-elf/4.5.2/../../../../powerpc64-ps3-elf/lib\libc.a(lib_a-findfp.o)
                0x0000000000024190                .__sfp_lock_release
 *fill*         0x00000000000241c4        0x4 60000000
 .text.__sinit_lock_acquire
                0x00000000000241c8       0x34 c:/psdk3v2/ps3dev/ppu/bin/../lib/gcc/powerpc64-ps3-elf/4.5.2/../../../../powerpc64-ps3-elf/lib\libc.a(lib_a-findfp.o)
                0x00000000000241c8                .__sinit_lock_acquire
 *fill*         0x00000000000241fc        0x4 60000000
 .text.__sinit_lock_release
                0x0000000000024200       0x34 c:/psdk3v2/ps3dev/ppu/bin/../lib/gcc/powerpc64-ps3-elf/4.5.2/../../../../powerpc64-ps3-elf/lib\libc.a(lib_a-findfp.o)
                0x0000000000024200                .__sinit_lock_release
 *fill*         0x0000000000024234        0x4 60000000
 .text.__sinit  0x0000000000024238      0x1d8 c:/psdk3v2/ps3dev/ppu/bin/../lib/gcc/powerpc64-ps3-elf/4.5.2/../../../../powerpc64-ps3-elf/lib\libc.a(lib_a-findfp.o)
                0x0000000000024238                .__sinit
 .text.__sfp    0x0000000000024410      0x190 c:/psdk3v2/ps3dev/ppu/bin/../lib/gcc/powerpc64-ps3-elf/4.5.2/../../../../powerpc64-ps3-elf/lib\libc.a(lib_a-findfp.o)
                0x0000000000024410                .__sfp
 .text.__fp_lock_all
                0x00000000000245a0       0x40 c:/psdk3v2/ps3dev/ppu/bin/../lib/gcc/powerpc64-ps3-elf/4.5.2/../../../../powerpc64-ps3-elf/lib\libc.a(lib_a-findfp.o)
                0x00000000000245a0                .__fp_lock_all
 .text.__fp_unlock_all
                0x00000000000245e0       0x3c c:/psdk3v2/ps3dev/ppu/bin/../lib/gcc/powerpc64-ps3-elf/4.5.2/../../../../powerpc64-ps3-elf/lib\libc.a(lib_a-findfp.o)
                0x00000000000245e0                .__fp_unlock_all
 .text          0x000000000002461c        0x0 c:/psdk3v2/ps3dev/ppu/bin/../lib/gcc/powerpc64-ps3-elf/4.5.2/../../../../powerpc64-ps3-elf/lib\libc.a(lib_a-freer.o)
 *fill*         0x000000000002461c        0x4 60000000
 .text._malloc_trim_r
                0x0000000000024620      0x15c c:/psdk3v2/ps3dev/ppu/bin/../lib/gcc/powerpc64-ps3-elf/4.5.2/../../../../powerpc64-ps3-elf/lib\libc.a(lib_a-freer.o)
                0x0000000000024620                ._malloc_trim_r
 *fill*         0x000000000002477c        0x4 60000000
 .text._free_r  0x0000000000024780      0x310 c:/psdk3v2/ps3dev/ppu/bin/../lib/gcc/powerpc64-ps3-elf/4.5.2/../../../../powerpc64-ps3-elf/lib\libc.a(lib_a-freer.o)
                0x0000000000024780                ._free_r
 .text          0x0000000000024a90        0x0 c:/psdk3v2/ps3dev/ppu/bin/../lib/gcc/powerpc64-ps3-elf/4.5.2/../../../../powerpc64-ps3-elf/lib\libc.a(lib_a-fwalk.o)
 .text._fwalk   0x0000000000024a90       0xfc c:/psdk3v2/ps3dev/ppu/bin/../lib/gcc/powerpc64-ps3-elf/4.5.2/../../../../powerpc64-ps3-elf/lib\libc.a(lib_a-fwalk.o)
                0x0000000000024a90                ._fwalk
 *fill*         0x0000000000024b8c        0x4 60000000
 .text._fwalk_reent
                0x0000000000024b90      0x108 c:/psdk3v2/ps3dev/ppu/bin/../lib/gcc/powerpc64-ps3-elf/4.5.2/../../../../powerpc64-ps3-elf/lib\libc.a(lib_a-fwalk.o)
                0x0000000000024b90                ._fwalk_reent
 .text          0x0000000000024c98        0x0 c:/psdk3v2/ps3dev/ppu/bin/../lib/gcc/powerpc64-ps3-elf/4.5.2/../../../../powerpc64-ps3-elf/lib\libc.a(lib_a-iswspace.o)
 .text.iswspace
                0x0000000000024c98       0x3c c:/psdk3v2/ps3dev/ppu/bin/../lib/gcc/powerpc64-ps3-elf/4.5.2/../../../../powerpc64-ps3-elf/lib\libc.a(lib_a-iswspace.o)
                0x0000000000024c98                .iswspace
 .text          0x0000000000024cd4        0x0 c:/psdk3v2/ps3dev/ppu/bin/../lib/gcc/powerpc64-ps3-elf/4.5.2/../../../../powerpc64-ps3-elf/lib\libc.a(lib_a-locale.o)
 *fill*         0x0000000000024cd4        0x4 60000000
 .text._setlocale_r
                0x0000000000024cd8       0xa8 c:/psdk3v2/ps3dev/ppu/bin/../lib/gcc/powerpc64-ps3-elf/4.5.2/../../../../powerpc64-ps3-elf/lib\libc.a(lib_a-locale.o)
                0x0000000000024cd8                ._setlocale_r
 .text.__locale_charset
                0x0000000000024d80       0x14 c:/psdk3v2/ps3dev/ppu/bin/../lib/gcc/powerpc64-ps3-elf/4.5.2/../../../../powerpc64-ps3-elf/lib\libc.a(lib_a-locale.o)
                0x0000000000024d80                .__locale_charset
 *fill*         0x0000000000024d94        0x4 60000000
 .text.__locale_mb_cur_max
                0x0000000000024d98       0x1c c:/psdk3v2/ps3dev/ppu/bin/../lib/gcc/powerpc64-ps3-elf/4.5.2/../../../../powerpc64-ps3-elf/lib\libc.a(lib_a-locale.o)
                0x0000000000024d98                .__locale_mb_cur_max
 *fill*         0x0000000000024db4        0x4 60000000
 .text.__locale_msgcharset
                0x0000000000024db8       0x14 c:/psdk3v2/ps3dev/ppu/bin/../lib/gcc/powerpc64-ps3-elf/4.5.2/../../../../powerpc64-ps3-elf/lib\libc.a(lib_a-locale.o)
                0x0000000000024db8                .__locale_msgcharset
 *fill*         0x0000000000024dcc        0x4 60000000
 .text.__locale_cjk_lang
                0x0000000000024dd0       0x14 c:/psdk3v2/ps3dev/ppu/bin/../lib/gcc/powerpc64-ps3-elf/4.5.2/../../../../powerpc64-ps3-elf/lib\libc.a(lib_a-locale.o)
                0x0000000000024dd0                .__locale_cjk_lang
 *fill*         0x0000000000024de4        0x4 60000000
 .text._localeconv_r
                0x0000000000024de8       0x14 c:/psdk3v2/ps3dev/ppu/bin/../lib/gcc/powerpc64-ps3-elf/4.5.2/../../../../powerpc64-ps3-elf/lib\libc.a(lib_a-locale.o)
                0x0000000000024de8                ._localeconv_r
 *fill*         0x0000000000024dfc        0x4 60000000
 .text.setlocale
                0x0000000000024e00       0x50 c:/psdk3v2/ps3dev/ppu/bin/../lib/gcc/powerpc64-ps3-elf/4.5.2/../../../../powerpc64-ps3-elf/lib\libc.a(lib_a-locale.o)
                0x0000000000024e00                .setlocale
 .text.localeconv
                0x0000000000024e50       0x34 c:/psdk3v2/ps3dev/ppu/bin/../lib/gcc/powerpc64-ps3-elf/4.5.2/../../../../powerpc64-ps3-elf/lib\libc.a(lib_a-locale.o)
                0x0000000000024e50                .localeconv
 .text          0x0000000000024e84        0x0 c:/psdk3v2/ps3dev/ppu/bin/../lib/gcc/powerpc64-ps3-elf/4.5.2/../../../../powerpc64-ps3-elf/lib\libc.a(lib_a-lock_recursive.o)
 *fill*         0x0000000000024e84        0x4 60000000
 .text.__libc_lock_init_recursive
                0x0000000000024e88       0x34 c:/psdk3v2/ps3dev/ppu/bin/../lib/gcc/powerpc64-ps3-elf/4.5.2/../../../../powerpc64-ps3-elf/lib\libc.a(lib_a-lock_recursive.o)
                0x0000000000024e88                .__libc_lock_init_recursive
 *fill*         0x0000000000024ebc        0x4 60000000
 .text.__libc_lock_close_recursive
                0x0000000000024ec0       0x30 c:/psdk3v2/ps3dev/ppu/bin/../lib/gcc/powerpc64-ps3-elf/4.5.2/../../../../powerpc64-ps3-elf/lib\libc.a(lib_a-lock_recursive.o)
                0x0000000000024ec0                .__libc_lock_close_recursive
 .text.__libc_lock_acquire_recursive
                0x0000000000024ef0       0x58 c:/psdk3v2/ps3dev/ppu/bin/../lib/gcc/powerpc64-ps3-elf/4.5.2/../../../../powerpc64-ps3-elf/lib\libc.a(lib_a-lock_recursive.o)
                0x0000000000024ef0                .__libc_lock_acquire_recursive
 .text.__libc_lock_try_acquire_recursive
                0x0000000000024f48       0x54 c:/psdk3v2/ps3dev/ppu/bin/../lib/gcc/powerpc64-ps3-elf/4.5.2/../../../../powerpc64-ps3-elf/lib\libc.a(lib_a-lock_recursive.o)
                0x0000000000024f48                .__libc_lock_try_acquire_recursive
 *fill*         0x0000000000024f9c        0x4 60000000
 .text.__libc_lock_release_recursive
                0x0000000000024fa0       0x54 c:/psdk3v2/ps3dev/ppu/bin/../lib/gcc/powerpc64-ps3-elf/4.5.2/../../../../powerpc64-ps3-elf/lib\libc.a(lib_a-lock_recursive.o)
                0x0000000000024fa0                .__libc_lock_release_recursive
 .text          0x0000000000024ff4        0x0 c:/psdk3v2/ps3dev/ppu/bin/../lib/gcc/powerpc64-ps3-elf/4.5.2/../../../../powerpc64-ps3-elf/lib\libc.a(lib_a-mbrtowc.o)
 *fill*         0x0000000000024ff4        0x4 60000000
 .text._mbrtowc_r
                0x0000000000024ff8      0x10c c:/psdk3v2/ps3dev/ppu/bin/../lib/gcc/powerpc64-ps3-elf/4.5.2/../../../../powerpc64-ps3-elf/lib\libc.a(lib_a-mbrtowc.o)
                0x0000000000024ff8                ._mbrtowc_r
 *fill*         0x0000000000025104        0x4 60000000
 .text.mbrtowc  0x0000000000025108      0x170 c:/psdk3v2/ps3dev/ppu/bin/../lib/gcc/powerpc64-ps3-elf/4.5.2/../../../../powerpc64-ps3-elf/lib\libc.a(lib_a-mbrtowc.o)
                0x0000000000025108                .mbrtowc
 .text          0x0000000000025278        0x0 c:/psdk3v2/ps3dev/ppu/bin/../lib/gcc/powerpc64-ps3-elf/4.5.2/../../../../powerpc64-ps3-elf/lib\libc.a(lib_a-mbtowc_r.o)
 .text.__ascii_mbtowc
                0x0000000000025278       0x58 c:/psdk3v2/ps3dev/ppu/bin/../lib/gcc/powerpc64-ps3-elf/4.5.2/../../../../powerpc64-ps3-elf/lib\libc.a(lib_a-mbtowc_r.o)
                0x0000000000025278                .__ascii_mbtowc
 .text._mbtowc_r
                0x00000000000252d0       0x98 c:/psdk3v2/ps3dev/ppu/bin/../lib/gcc/powerpc64-ps3-elf/4.5.2/../../../../powerpc64-ps3-elf/lib\libc.a(lib_a-mbtowc_r.o)
                0x00000000000252d0                ._mbtowc_r
 .text          0x0000000000025368        0x0 c:/psdk3v2/ps3dev/ppu/bin/../lib/gcc/powerpc64-ps3-elf/4.5.2/../../../../powerpc64-ps3-elf/lib\libc.a(lib_a-s_fpclassify.o)
 .text.__fpclassifyd
                0x0000000000025368       0xc4 c:/psdk3v2/ps3dev/ppu/bin/../lib/gcc/powerpc64-ps3-elf/4.5.2/../../../../powerpc64-ps3-elf/lib\libc.a(lib_a-s_fpclassify.o)
                0x0000000000025368                .__fpclassifyd
 .text          0x000000000002542c        0x0 c:/psdk3v2/ps3dev/ppu/bin/../lib/gcc/powerpc64-ps3-elf/4.5.2/../../../../powerpc64-ps3-elf/lib\libc.a(lib_a-sccl.o)
 *fill*         0x000000000002542c        0x4 60000000
 .text.__sccl   0x0000000000025430      0x120 c:/psdk3v2/ps3dev/ppu/bin/../lib/gcc/powerpc64-ps3-elf/4.5.2/../../../../powerpc64-ps3-elf/lib\libc.a(lib_a-sccl.o)
                0x0000000000025430                .__sccl
 .text          0x0000000000025550        0x0 c:/psdk3v2/ps3dev/ppu/bin/../lib/gcc/powerpc64-ps3-elf/4.5.2/../../../../powerpc64-ps3-elf/lib\libc.a(lib_a-sf_nan.o)
 .text.nanf     0x0000000000025550       0x18 c:/psdk3v2/ps3dev/ppu/bin/../lib/gcc/powerpc64-ps3-elf/4.5.2/../../../../powerpc64-ps3-elf/lib\libc.a(lib_a-sf_nan.o)
                0x0000000000025550                .nanf
 .text          0x0000000000025568        0x0 c:/psdk3v2/ps3dev/ppu/bin/../lib/gcc/powerpc64-ps3-elf/4.5.2/../../../../powerpc64-ps3-elf/lib\libc.a(lib_a-sprintf.o)
 .text._sprintf_r
                0x0000000000025568       0x84 c:/psdk3v2/ps3dev/ppu/bin/../lib/gcc/powerpc64-ps3-elf/4.5.2/../../../../powerpc64-ps3-elf/lib\libc.a(lib_a-sprintf.o)
                0x0000000000025568                ._sprintf_r
 *fill*         0x00000000000255ec        0x4 60000000
 .text.sprintf  0x00000000000255f0       0x9c c:/psdk3v2/ps3dev/ppu/bin/../lib/gcc/powerpc64-ps3-elf/4.5.2/../../../../powerpc64-ps3-elf/lib\libc.a(lib_a-sprintf.o)
                0x00000000000255f0                .sprintf